npm error Missing script: "dev"
npm error
npm error To see a list of scripts, run:
npm error   npm run
npm error A complete log of this run can be found in: C:\Users\ibrah\AppData\Local\npm-cache\_logs\2026-08-12T13_42_01_615Z-debug-0.log
npm error Missing script: "dev"
npm error
npm error To see a list of scripts, run:
npm error   npm run
npm error A complete log of this run can be found in: C:\Users\ibrah\AppData\Local\npm-cache\_logs\2026-08-22T13_16_56_298Z-debug-0.log

> frontend@0.0.0 dev
> vite

[2m5:44:34 PM[22m [36m[1m[vite][22m[39m [90m[2m(client)[22m[39m Re-optimizing dependencies because lockfile has changed

  [32m[1mVITE[22m v8.2.1[39m  [2mready in [0m[1m1888[22m[2m[0m ms[22m

  [32m➜[39m  [1mLocal[22m:   [36mhttp://localhost:[1m5173[22m/[39m
[2m  [32m➜[39m  [1mNetwork[22m[2m: use [22m[1m--host[22m[2m to expose[22m
[2m[32m  ➜[39m[22m[2m  press [22m[1mh + enter[22m[2m to show help[22m
[2m5:44:36 PM[22m [36m[1m[vite][22m[39m [90m[2m(client)[22m[39m [optimizer] bundling dependencies...
[2m5:52:11 PM[22m [36m[1m[vite][22m[39m [90m[2m(client)[22m[39m [32mhmr update [39m[2m/src/App.jsx, /src/index.css[22m
[2m8:02:06 PM[22m [36m[1m[vite][22m[39m [90m[2m(client)[22m[39m [32mhmr update [39m[2m/src/components/ui.jsx, /src/index.css[22m
[2m8:02:23 PM[22m [36m[1m[vite][22m[39m [90m[2m(client)[22m[39m [32mhmr update [39m[2m/src/components/renderers.jsx, /src/index.css[22m
[2m8:02:38 PM[22m [36m[1m[vite][22m[39m [90m[2m(client)[22m[39m [32mhmr update [39m[2m/src/App.jsx, /src/index.css[22m
[2m8:07:42 PM[22m [36m[1m[vite][22m[39m [90m[2m(client)[22m[39m [32mhmr update [39m[2m/src/components/renderers.jsx, /src/index.css[22m
[2m8:07:43 PM[22m [36m[1m[vite][22m[39m [90m[2m(client)[22m[39m [optimizer] bundling dependencies...
[2m8:07:47 PM[22m [36m[1m[vite][22m[39m [90m[2m(client)[22m[39m [32mhmr update [39m[2m/src/index.css[22m
[2m8:07:48 PM[22m [36m[1m[vite][22m[39m [90m[2m(client)[22m[39m [32mdependency optimized: [33mreactflow[32m[39m
[2m8:07:48 PM[22m [36m[1m[vite][22m[39m [90m[2m(client)[22m[39m [32moptimized dependencies changed. reloading[39m
[2m8:07:49 PM[22m [36m[1m[vite][22m[39m [90m[2m(client)[22m[39m [33mhmr invalidate [39m[2m/src/components/renderers.jsx[22m Could not Fast Refresh (new export)
[2m8:07:49 PM[22m [36m[1m[vite][22m[39m [90m[2m(client)[22m[39m [32mhmr update [39m[2m/src/App.jsx[22m
[2m12:17:14 AM[22m [36m[1m[vite][22m[39m [90m[2m(client)[22m[39m [32mhmr update [39m[2m/src/index.css[22m
[2m12:17:18 AM[22m [36m[1m[vite][22m[39m [90m[2m(client)[22m[39m [32mhmr update [39m[2m/src/components/renderers.jsx, /src/index.css[22m
[2m12:17:18 AM[22m [31m[1m[vite][22m[39m [31mInternal server error: Transform failed with 1 error:

[31m[PARSE_ERROR] [0mUnexpected token. Did you mean `{'}'}` or `&rbrace;`?
     [38;5;246m╭[0m[38;5;246m─[0m[38;5;246m[[0m src/components/renderers.jsx:219:74 [38;5;246m][0m
     [38;5;246m│[0m
 [38;5;246m219 │[0m [38;5;249m [0m[38;5;249m [0m[38;5;249m [0m[38;5;249m [0m[38;5;249m [0m[38;5;249m [0m[38;5;249m [0m[38;5;249m [0m[38;5;249m<[0m[38;5;249mB[0m[38;5;249mu[0m[38;5;249mt[0m[38;5;249mt[0m[38;5;249mo[0m[38;5;249mn[0m[38;5;249m [0m[38;5;249mo[0m[38;5;249mn[0m[38;5;249mC[0m[38;5;249ml[0m[38;5;249mi[0m[38;5;249mc[0m[38;5;249mk[0m[38;5;249m=[0m[38;5;249m"[0m[38;5;249m{[0m[38;5;249m([0m[38;5;249m)[0m[38;5;249m"[0m[38;5;249m [0m[38;5;249mv[0m[38;5;249ma[0m[38;5;249mr[0m[38;5;249mi[0m[38;5;249ma[0m[38;5;249mn[0m[38;5;249mt[0m[38;5;249m=[0m[38;5;249m"[0m[38;5;249ms[0m[38;5;249me[0m[38;5;249mc[0m[38;5;249mo[0m[38;5;249mn[0m[38;5;249md[0m[38;5;249ma[0m[38;5;249mr[0m[38;5;249my[0m[38;5;249m"[0m[38;5;249m>[0m[38;5;249m [0m[38;5;249ms[0m[38;5;249me[0m[38;5;249mt[0m[38;5;249mC[0m[38;5;249mh[0m[38;5;249ma[0m[38;5;249mt[0m[38;5;249mO[0m[38;5;249mp[0m[38;5;249me[0m[38;5;249mn[0m[38;5;249m([0m[38;5;249m![0m[38;5;249mc[0m[38;5;249mh[0m[38;5;249ma[0m[38;5;249mt[0m[38;5;249mO[0m[38;5;249mp[0m[38;5;249me[0m[38;5;249mn[0m[38;5;249m)[0m[38;5;249m}[0m[38;5;249m [0m[38;5;249mc[0m[38;5;249ml[0m[38;5;249ma[0m[38;5;249ms[0m[38;5;249ms[0m[38;5;249mN[0m[38;5;249ma[0m[38;5;249mm[0m[38;5;249me[0m[38;5;249m=[0m[38;5;249m"[0m[38;5;249mt[0m[38;5;249me[0m[38;5;249mx[0m[38;5;249mt[0m[38;5;249m-[0m[38;5;249mt[0m[38;5;249me[0m[38;5;249ma[0m[38;5;249ml[0m[38;5;249m-[0m[38;5;249m6[0m[38;5;249m0[0m[38;5;249m0[0m[38;5;249m [0m[38;5;249md[0m[38;5;249ma[0m[38;5;249mr[0m[38;5;249mk[0m[38;5;249m:[0m[38;5;249mt[0m[38;5;249me[0m[38;5;249mx[0m[38;5;249mt[0m[38;5;249m-[0m[38;5;249mt[0m[38;5;249me[0m[38;5;249ma[0m[38;5;249ml[0m[38;5;249m-[0m[38;5;249m4[0m[38;5;249m0[0m[38;5;249m0[0m[38;5;249m [0m[38;5;249mb[0m[38;5;249mo[0m[38;5;249mr[0m[38;5;249md[0m[38;5;249me[0m[38;5;249mr[0m[38;5;249m-[0m[38;5;249mt[0m[38;5;249me[0m[38;5;249ma[0m[38;5;249ml[0m[38;5;249m-[0m[38;5;249m2[0m[38;5;249m0[0m[38;5;249m0[0m[38;5;249m"[0m[38;5;249m>[0m
 [38;5;240m    │[0m                                                                          │ 
 [38;5;240m    │[0m                                                                          ╰─ 
[38;5;246m─────╯[0m
[39m
  Plugin: [35mvite:oxc[39m
  File: [36mC:/Users/ibrah/OneDrive/Desktop/medical-study-ai/frontend/src/components/renderers.jsx[39m
      at transformWithOxc (file:///C:/Users/ibrah/OneDrive/Desktop/medical-study-ai/frontend/node_modules/vite/dist/node/chunks/node.js:4097:19)
      at TransformPluginContext.transform (file:///C:/Users/ibrah/OneDrive/Desktop/medical-study-ai/frontend/node_modules/vite/dist/node/chunks/node.js:4168:26)
      at EnvironmentPluginContainer.transform (file:///C:/Users/ibrah/OneDrive/Desktop/medical-study-ai/frontend/node_modules/vite/dist/node/chunks/node.js:30851:51)
      at async loadAndTransform (file:///C:/Users/ibrah/OneDrive/Desktop/medical-study-ai/frontend/node_modules/vite/dist/node/chunks/node.js:20619:26)
      at async viteTransformMiddleware (file:///C:/Users/ibrah/OneDrive/Desktop/medical-study-ai/frontend/node_modules/vite/dist/node/chunks/node.js:25142:20)
[2m12:17:35 AM[22m [36m[1m[vite][22m[39m [90m[2m(client)[22m[39m [32mhmr update [39m[2m/src/components/MedPatientView.jsx, /src/index.css[22m
[2m12:17:35 AM[22m [31m[1m[vite][22m[39m [31mInternal server error: Transform failed with 1 error:

[31m[PARSE_ERROR] [0mUnexpected token. Did you mean `{'}'}` or `&rbrace;`?
     [38;5;246m╭[0m[38;5;246m─[0m[38;5;246m[[0m src/components/MedPatientView.jsx:118:82 [38;5;246m][0m
     [38;5;246m│[0m
 [38;5;246m118 │[0m [38;5;249m [0m[38;5;249m [0m[38;5;249m [0m[38;5;249m [0m[38;5;249m [0m[38;5;249m [0m[38;5;249m [0m[38;5;249m [0m[38;5;249m [0m[38;5;249m [0m[38;5;249m<[0m[38;5;249mB[0m[38;5;249mu[0m[38;5;249mt[0m[38;5;249mt[0m[38;5;249mo[0m[38;5;249mn[0m[38;5;249m [0m[38;5;249mo[0m[38;5;249mn[0m[38;5;249mC[0m[38;5;249ml[0m[38;5;249mi[0m[38;5;249mc[0m[38;5;249mk[0m[38;5;249m=[0m[38;5;249m"[0m[38;5;249m{[0m[38;5;249m([0m[38;5;249m)[0m[38;5;249m"[0m[38;5;249m [0m[38;5;249mv[0m[38;5;249ma[0m[38;5;249mr[0m[38;5;249mi[0m[38;5;249ma[0m[38;5;249mn[0m[38;5;249mt[0m[38;5;249m=[0m[38;5;249m"[0m[38;5;249ms[0m[38;5;249me[0m[38;5;249mc[0m[38;5;249mo[0m[38;5;249mn[0m[38;5;249md[0m[38;5;249ma[0m[38;5;249mr[0m[38;5;249my[0m[38;5;249m"[0m[38;5;249m>[0m[38;5;249m [0m[38;5;249ms[0m[38;5;249me[0m[38;5;249mt[0m[38;5;249mS[0m[38;5;249mh[0m[38;5;249mo[0m[38;5;249mw[0m[38;5;249mH[0m[38;5;249mi[0m[38;5;249ms[0m[38;5;249mt[0m[38;5;249mo[0m[38;5;249mr[0m[38;5;249my[0m[38;5;249m([0m[38;5;249m![0m[38;5;249ms[0m[38;5;249mh[0m[38;5;249mo[0m[38;5;249mw[0m[38;5;249mH[0m[38;5;249mi[0m[38;5;249ms[0m[38;5;249mt[0m[38;5;249mo[0m[38;5;249mr[0m[38;5;249my[0m[38;5;249m)[0m[38;5;249m}[0m[38;5;249m [0m[38;5;249mc[0m[38;5;249ml[0m[38;5;249ma[0m[38;5;249ms[0m[38;5;249ms[0m[38;5;249mN[0m[38;5;249ma[0m[38;5;249mm[0m[38;5;249me[0m[38;5;249m=[0m[38;5;249m"[0m[38;5;249mp[0m[38;5;249mx[0m[38;5;249m-[0m[38;5;249m6[0m[38;5;249m [0m[38;5;249mp[0m[38;5;249my[0m[38;5;249m-[0m[38;5;249m4[0m[38;5;249m [0m[38;5;249mt[0m[38;5;249me[0m[38;5;249mx[0m[38;5;249mt[0m[38;5;249m-[0m[38;5;249ml[0m[38;5;249mg[0m[38;5;249m [0m[38;5;249mr[0m[38;5;249mo[0m[38;5;249mu[0m[38;5;249mn[0m[38;5;249md[0m[38;5;249me[0m[38;5;249md[0m[38;5;249m-[0m[38;5;249mx[0m[38;5;249ml[0m[38;5;249m"[0m[38;5;249m>[0m[38;5;249m<[0m[38;5;249mH[0m[38;5;249mi[0m[38;5;249ms[0m[38;5;249mt[0m[38;5;249mo[0m[38;5;249mr[0m[38;5;249my[0m[38;5;249m [0m[38;5;249mc[0m[38;5;249ml[0m[38;5;249ma[0m[38;5;249ms[0m[38;5;249ms[0m[38;5;249mN[0m[38;5;249ma[0m[38;5;249mm[0m[38;5;249me[0m[38;5;249m=[0m[38;5;249m"[0m[38;5;249mm[0m[38;5;249mr[0m[38;5;249m-[0m[38;5;249m2[0m[38;5;249m"[0m[38;5;249m [0m[38;5;249ms[0m[38;5;249mi[0m[38;5;249mz[0m[38;5;249me[0m[38;5;249m=[0m[38;5;249m"[0m[38;5;249m{[0m[38;5;249m2[0m[38;5;249m0[0m[38;5;249m}[0m[38;5;249m"[0m[38;5;249m/[0m[38;5;249m>[0m[38;5;249m [0m[38;5;249mا[0m[38;5;249mل[0m[38;5;249mت[0m[38;5;249mق[0m[38;5;249mي[0m[38;5;249mي[0m[38;5;249mم[0m[38;5;249mا[0m[38;5;249mت[0m[38;5;249m [0m[38;5;249mا[0m[38;5;249mل[0m[38;5;249mس[0m[38;5;249mا[0m[38;5;249mب[0m[38;5;249mق[0m[38;5;249mة[0m[38;5;249m<[0m[38;5;249m/[0m[38;5;249mB[0m[38;5;249mu[0m[38;5;249mt[0m[38;5;249mt[0m[38;5;249mo[0m[38;5;249mn[0m[38;5;249m>[0m
 [38;5;240m    │[0m                                                                                  │ 
 [38;5;240m    │[0m                                                                                  ╰─ 
[38;5;246m─────╯[0m
[39m
  Plugin: [35mvite:oxc[39m
  File: [36mC:/Users/ibrah/OneDrive/Desktop/medical-study-ai/frontend/src/components/MedPatientView.jsx[39m
      at transformWithOxc (file:///C:/Users/ibrah/OneDrive/Desktop/medical-study-ai/frontend/node_modules/vite/dist/node/chunks/node.js:4097:19)
      at TransformPluginContext.transform (file:///C:/Users/ibrah/OneDrive/Desktop/medical-study-ai/frontend/node_modules/vite/dist/node/chunks/node.js:4168:26)
      at EnvironmentPluginContainer.transform (file:///C:/Users/ibrah/OneDrive/Desktop/medical-study-ai/frontend/node_modules/vite/dist/node/chunks/node.js:30851:51)
      at async loadAndTransform (file:///C:/Users/ibrah/OneDrive/Desktop/medical-study-ai/frontend/node_modules/vite/dist/node/chunks/node.js:20619:26)
      at async viteTransformMiddleware (file:///C:/Users/ibrah/OneDrive/Desktop/medical-study-ai/frontend/node_modules/vite/dist/node/chunks/node.js:25142:20)
[2m12:20:08 AM[22m [36m[1m[vite][22m[39m [90m[2m(client)[22m[39m [32mhmr update [39m[2m/src/App.jsx, /src/index.css[22m
[2m12:20:08 AM[22m [36m[1m[vite][22m[39m [90m[2m(client)[22m[39m [32mhmr update [39m[2m/src/App.jsx, /src/index.css[22m

> frontend@0.0.0 dev
> vite

[2m12:20:43 AM[22m [36m[1m[vite][22m[39m [90m[2m(client)[22m[39m Re-optimizing dependencies because lockfile has changed

  [32m[1mVITE[22m v8.2.1[39m  [2mready in [0m[1m2048[22m[2m[0m ms[22m

  [32m➜[39m  [1mLocal[22m:   [36mhttp://localhost:[1m5173[22m/[39m
[2m  [32m➜[39m  [1mNetwork[22m[2m: use [22m[1m--host[22m[2m to expose[22m
[2m[32m  ➜[39m[22m[2m  press [22m[1mh + enter[22m[2m to show help[22m
[2m12:24:41 AM[22m [36m[1m[vite][22m[39m [90m[2m(client)[22m[39m [32mhmr update [39m[2m/src/App.jsx, /src/index.css[22m
[2m12:24:41 AM[22m [31m[1m[vite][22m[39m [31m[2m(client)[22m[39m Pre-transform error: Transform failed with 1 error:

[31m[PARSE_ERROR] [0mUnexpected token. Did you mean `{'}'}` or `&rbrace;`?
     [38;5;246m╭[0m[38;5;246m─[0m[38;5;246m[[0m src/components/renderers.jsx:219:74 [38;5;246m][0m
     [38;5;246m│[0m
 [38;5;246m219 │[0m [38;5;249m [0m[38;5;249m [0m[38;5;249m [0m[38;5;249m [0m[38;5;249m [0m[38;5;249m [0m[38;5;249m [0m[38;5;249m [0m[38;5;249m<[0m[38;5;249mB[0m[38;5;249mu[0m[38;5;249mt[0m[38;5;249mt[0m[38;5;249mo[0m[38;5;249mn[0m[38;5;249m [0m[38;5;249mo[0m[38;5;249mn[0m[38;5;249mC[0m[38;5;249ml[0m[38;5;249mi[0m[38;5;249mc[0m[38;5;249mk[0m[38;5;249m=[0m[38;5;249m"[0m[38;5;249m{[0m[38;5;249m([0m[38;5;249m)[0m[38;5;249m"[0m[38;5;249m [0m[38;5;249mv[0m[38;5;249ma[0m[38;5;249mr[0m[38;5;249mi[0m[38;5;249ma[0m[38;5;249mn[0m[38;5;249mt[0m[38;5;249m=[0m[38;5;249m"[0m[38;5;249ms[0m[38;5;249me[0m[38;5;249mc[0m[38;5;249mo[0m[38;5;249mn[0m[38;5;249md[0m[38;5;249ma[0m[38;5;249mr[0m[38;5;249my[0m[38;5;249m"[0m[38;5;249m>[0m[38;5;249m [0m[38;5;249ms[0m[38;5;249me[0m[38;5;249mt[0m[38;5;249mC[0m[38;5;249mh[0m[38;5;249ma[0m[38;5;249mt[0m[38;5;249mO[0m[38;5;249mp[0m[38;5;249me[0m[38;5;249mn[0m[38;5;249m([0m[38;5;249m![0m[38;5;249mc[0m[38;5;249mh[0m[38;5;249ma[0m[38;5;249mt[0m[38;5;249mO[0m[38;5;249mp[0m[38;5;249me[0m[38;5;249mn[0m[38;5;249m)[0m[38;5;249m}[0m[38;5;249m [0m[38;5;249mc[0m[38;5;249ml[0m[38;5;249ma[0m[38;5;249ms[0m[38;5;249ms[0m[38;5;249mN[0m[38;5;249ma[0m[38;5;249mm[0m[38;5;249me[0m[38;5;249m=[0m[38;5;249m"[0m[38;5;249mt[0m[38;5;249me[0m[38;5;249mx[0m[38;5;249mt[0m[38;5;249m-[0m[38;5;249mt[0m[38;5;249me[0m[38;5;249ma[0m[38;5;249ml[0m[38;5;249m-[0m[38;5;249m6[0m[38;5;249m0[0m[38;5;249m0[0m[38;5;249m [0m[38;5;249md[0m[38;5;249ma[0m[38;5;249mr[0m[38;5;249mk[0m[38;5;249m:[0m[38;5;249mt[0m[38;5;249me[0m[38;5;249mx[0m[38;5;249mt[0m[38;5;249m-[0m[38;5;249mt[0m[38;5;249me[0m[38;5;249ma[0m[38;5;249ml[0m[38;5;249m-[0m[38;5;249m4[0m[38;5;249m0[0m[38;5;249m0[0m[38;5;249m [0m[38;5;249mb[0m[38;5;249mo[0m[38;5;249mr[0m[38;5;249md[0m[38;5;249me[0m[38;5;249mr[0m[38;5;249m-[0m[38;5;249mt[0m[38;5;249me[0m[38;5;249ma[0m[38;5;249ml[0m[38;5;249m-[0m[38;5;249m2[0m[38;5;249m0[0m[38;5;249m0[0m[38;5;249m"[0m[38;5;249m>[0m
 [38;5;240m    │[0m                                                                          │ 
 [38;5;240m    │[0m                                                                          ╰─ 
[38;5;246m─────╯[0m

  Plugin: [35mvite:oxc[39m
  File: [36mC:/Users/ibrah/OneDrive/Desktop/medical-study-ai/frontend/src/components/renderers.jsx[39m
[2m12:24:41 AM[22m [31m[1m[vite][22m[39m [31m[2m(client)[22m[39m Pre-transform error: Transform failed with 1 error:

[31m[PARSE_ERROR] [0mUnexpected token. Did you mean `{'}'}` or `&rbrace;`?
     [38;5;246m╭[0m[38;5;246m─[0m[38;5;246m[[0m src/components/MedPatientView.jsx:118:82 [38;5;246m][0m
     [38;5;246m│[0m
 [38;5;246m118 │[0m [38;5;249m [0m[38;5;249m [0m[38;5;249m [0m[38;5;249m [0m[38;5;249m [0m[38;5;249m [0m[38;5;249m [0m[38;5;249m [0m[38;5;249m [0m[38;5;249m [0m[38;5;249m<[0m[38;5;249mB[0m[38;5;249mu[0m[38;5;249mt[0m[38;5;249mt[0m[38;5;249mo[0m[38;5;249mn[0m[38;5;249m [0m[38;5;249mo[0m[38;5;249mn[0m[38;5;249mC[0m[38;5;249ml[0m[38;5;249mi[0m[38;5;249mc[0m[38;5;249mk[0m[38;5;249m=[0m[38;5;249m"[0m[38;5;249m{[0m[38;5;249m([0m[38;5;249m)[0m[38;5;249m"[0m[38;5;249m [0m[38;5;249mv[0m[38;5;249ma[0m[38;5;249mr[0m[38;5;249mi[0m[38;5;249ma[0m[38;5;249mn[0m[38;5;249mt[0m[38;5;249m=[0m[38;5;249m"[0m[38;5;249ms[0m[38;5;249me[0m[38;5;249mc[0m[38;5;249mo[0m[38;5;249mn[0m[38;5;249md[0m[38;5;249ma[0m[38;5;249mr[0m[38;5;249my[0m[38;5;249m"[0m[38;5;249m>[0m[38;5;249m [0m[38;5;249ms[0m[38;5;249me[0m[38;5;249mt[0m[38;5;249mS[0m[38;5;249mh[0m[38;5;249mo[0m[38;5;249mw[0m[38;5;249mH[0m[38;5;249mi[0m[38;5;249ms[0m[38;5;249mt[0m[38;5;249mo[0m[38;5;249mr[0m[38;5;249my[0m[38;5;249m([0m[38;5;249m![0m[38;5;249ms[0m[38;5;249mh[0m[38;5;249mo[0m[38;5;249mw[0m[38;5;249mH[0m[38;5;249mi[0m[38;5;249ms[0m[38;5;249mt[0m[38;5;249mo[0m[38;5;249mr[0m[38;5;249my[0m[38;5;249m)[0m[38;5;249m}[0m[38;5;249m [0m[38;5;249mc[0m[38;5;249ml[0m[38;5;249ma[0m[38;5;249ms[0m[38;5;249ms[0m[38;5;249mN[0m[38;5;249ma[0m[38;5;249mm[0m[38;5;249me[0m[38;5;249m=[0m[38;5;249m"[0m[38;5;249mp[0m[38;5;249mx[0m[38;5;249m-[0m[38;5;249m6[0m[38;5;249m [0m[38;5;249mp[0m[38;5;249my[0m[38;5;249m-[0m[38;5;249m4[0m[38;5;249m [0m[38;5;249mt[0m[38;5;249me[0m[38;5;249mx[0m[38;5;249mt[0m[38;5;249m-[0m[38;5;249ml[0m[38;5;249mg[0m[38;5;249m [0m[38;5;249mr[0m[38;5;249mo[0m[38;5;249mu[0m[38;5;249mn[0m[38;5;249md[0m[38;5;249me[0m[38;5;249md[0m[38;5;249m-[0m[38;5;249mx[0m[38;5;249ml[0m[38;5;249m"[0m[38;5;249m>[0m[38;5;249m<[0m[38;5;249mH[0m[38;5;249mi[0m[38;5;249ms[0m[38;5;249mt[0m[38;5;249mo[0m[38;5;249mr[0m[38;5;249my[0m[38;5;249m [0m[38;5;249mc[0m[38;5;249ml[0m[38;5;249ma[0m[38;5;249ms[0m[38;5;249ms[0m[38;5;249mN[0m[38;5;249ma[0m[38;5;249mm[0m[38;5;249me[0m[38;5;249m=[0m[38;5;249m"[0m[38;5;249mm[0m[38;5;249mr[0m[38;5;249m-[0m[38;5;249m2[0m[38;5;249m"[0m[38;5;249m [0m[38;5;249ms[0m[38;5;249mi[0m[38;5;249mz[0m[38;5;249me[0m[38;5;249m=[0m[38;5;249m"[0m[38;5;249m{[0m[38;5;249m2[0m[38;5;249m0[0m[38;5;249m}[0m[38;5;249m"[0m[38;5;249m/[0m[38;5;249m>[0m[38;5;249m [0m[38;5;249mا[0m[38;5;249mل[0m[38;5;249mت[0m[38;5;249mق[0m[38;5;249mي[0m[38;5;249mي[0m[38;5;249mم[0m[38;5;249mا[0m[38;5;249mت[0m[38;5;249m [0m[38;5;249mا[0m[38;5;249mل[0m[38;5;249mس[0m[38;5;249mا[0m[38;5;249mب[0m[38;5;249mق[0m[38;5;249mة[0m[38;5;249m<[0m[38;5;249m/[0m[38;5;249mB[0m[38;5;249mu[0m[38;5;249mt[0m[38;5;249mt[0m[38;5;249mo[0m[38;5;249mn[0m[38;5;249m>[0m
 [38;5;240m    │[0m                                                                                  │ 
 [38;5;240m    │[0m                                                                                  ╰─ 
[38;5;246m─────╯[0m

  Plugin: [35mvite:oxc[39m
  File: [36mC:/Users/ibrah/OneDrive/Desktop/medical-study-ai/frontend/src/components/MedPatientView.jsx[39m
[2m12:24:41 AM[22m [31m[1m[vite][22m[39m [31mInternal server error: Transform failed with 1 error:

[31m[PARSE_ERROR] [0mUnexpected token. Did you mean `{'}'}` or `&rbrace;`?
     [38;5;246m╭[0m[38;5;246m─[0m[38;5;246m[[0m src/components/renderers.jsx:219:74 [38;5;246m][0m
     [38;5;246m│[0m
 [38;5;246m219 │[0m [38;5;249m [0m[38;5;249m [0m[38;5;249m [0m[38;5;249m [0m[38;5;249m [0m[38;5;249m [0m[38;5;249m [0m[38;5;249m [0m[38;5;249m<[0m[38;5;249mB[0m[38;5;249mu[0m[38;5;249mt[0m[38;5;249mt[0m[38;5;249mo[0m[38;5;249mn[0m[38;5;249m [0m[38;5;249mo[0m[38;5;249mn[0m[38;5;249mC[0m[38;5;249ml[0m[38;5;249mi[0m[38;5;249mc[0m[38;5;249mk[0m[38;5;249m=[0m[38;5;249m"[0m[38;5;249m{[0m[38;5;249m([0m[38;5;249m)[0m[38;5;249m"[0m[38;5;249m [0m[38;5;249mv[0m[38;5;249ma[0m[38;5;249mr[0m[38;5;249mi[0m[38;5;249ma[0m[38;5;249mn[0m[38;5;249mt[0m[38;5;249m=[0m[38;5;249m"[0m[38;5;249ms[0m[38;5;249me[0m[38;5;249mc[0m[38;5;249mo[0m[38;5;249mn[0m[38;5;249md[0m[38;5;249ma[0m[38;5;249mr[0m[38;5;249my[0m[38;5;249m"[0m[38;5;249m>[0m[38;5;249m [0m[38;5;249ms[0m[38;5;249me[0m[38;5;249mt[0m[38;5;249mC[0m[38;5;249mh[0m[38;5;249ma[0m[38;5;249mt[0m[38;5;249mO[0m[38;5;249mp[0m[38;5;249me[0m[38;5;249mn[0m[38;5;249m([0m[38;5;249m![0m[38;5;249mc[0m[38;5;249mh[0m[38;5;249ma[0m[38;5;249mt[0m[38;5;249mO[0m[38;5;249mp[0m[38;5;249me[0m[38;5;249mn[0m[38;5;249m)[0m[38;5;249m}[0m[38;5;249m [0m[38;5;249mc[0m[38;5;249ml[0m[38;5;249ma[0m[38;5;249ms[0m[38;5;249ms[0m[38;5;249mN[0m[38;5;249ma[0m[38;5;249mm[0m[38;5;249me[0m[38;5;249m=[0m[38;5;249m"[0m[38;5;249mt[0m[38;5;249me[0m[38;5;249mx[0m[38;5;249mt[0m[38;5;249m-[0m[38;5;249mt[0m[38;5;249me[0m[38;5;249ma[0m[38;5;249ml[0m[38;5;249m-[0m[38;5;249m6[0m[38;5;249m0[0m[38;5;249m0[0m[38;5;249m [0m[38;5;249md[0m[38;5;249ma[0m[38;5;249mr[0m[38;5;249mk[0m[38;5;249m:[0m[38;5;249mt[0m[38;5;249me[0m[38;5;249mx[0m[38;5;249mt[0m[38;5;249m-[0m[38;5;249mt[0m[38;5;249me[0m[38;5;249ma[0m[38;5;249ml[0m[38;5;249m-[0m[38;5;249m4[0m[38;5;249m0[0m[38;5;249m0[0m[38;5;249m [0m[38;5;249mb[0m[38;5;249mo[0m[38;5;249mr[0m[38;5;249md[0m[38;5;249me[0m[38;5;249mr[0m[38;5;249m-[0m[38;5;249mt[0m[38;5;249me[0m[38;5;249ma[0m[38;5;249ml[0m[38;5;249m-[0m[38;5;249m2[0m[38;5;249m0[0m[38;5;249m0[0m[38;5;249m"[0m[38;5;249m>[0m
 [38;5;240m    │[0m                                                                          │ 
 [38;5;240m    │[0m                                                                          ╰─ 
[38;5;246m─────╯[0m
[39m
  Plugin: [35mvite:oxc[39m
  File: [36mC:/Users/ibrah/OneDrive/Desktop/medical-study-ai/frontend/src/components/renderers.jsx[39m
      at transformWithOxc (file:///C:/Users/ibrah/OneDrive/Desktop/medical-study-ai/frontend/node_modules/vite/dist/node/chunks/node.js:4097:19)
      at TransformPluginContext.transform (file:///C:/Users/ibrah/OneDrive/Desktop/medical-study-ai/frontend/node_modules/vite/dist/node/chunks/node.js:4168:26)
      at EnvironmentPluginContainer.transform (file:///C:/Users/ibrah/OneDrive/Desktop/medical-study-ai/frontend/node_modules/vite/dist/node/chunks/node.js:30851:51)
      at async loadAndTransform (file:///C:/Users/ibrah/OneDrive/Desktop/medical-study-ai/frontend/node_modules/vite/dist/node/chunks/node.js:20619:26)
      at async viteTransformMiddleware (file:///C:/Users/ibrah/OneDrive/Desktop/medical-study-ai/frontend/node_modules/vite/dist/node/chunks/node.js:25142:20)
[2m12:24:41 AM[22m [31m[1m[vite][22m[39m [31mInternal server error: Transform failed with 1 error:

[31m[PARSE_ERROR] [0mUnexpected token. Did you mean `{'}'}` or `&rbrace;`?
     [38;5;246m╭[0m[38;5;246m─[0m[38;5;246m[[0m src/components/MedPatientView.jsx:118:82 [38;5;246m][0m
     [38;5;246m│[0m
 [38;5;246m118 │[0m [38;5;249m [0m[38;5;249m [0m[38;5;249m [0m[38;5;249m [0m[38;5;249m [0m[38;5;249m [0m[38;5;249m [0m[38;5;249m [0m[38;5;249m [0m[38;5;249m [0m[38;5;249m<[0m[38;5;249mB[0m[38;5;249mu[0m[38;5;249mt[0m[38;5;249mt[0m[38;5;249mo[0m[38;5;249mn[0m[38;5;249m [0m[38;5;249mo[0m[38;5;249mn[0m[38;5;249mC[0m[38;5;249ml[0m[38;5;249mi[0m[38;5;249mc[0m[38;5;249mk[0m[38;5;249m=[0m[38;5;249m"[0m[38;5;249m{[0m[38;5;249m([0m[38;5;249m)[0m[38;5;249m"[0m[38;5;249m [0m[38;5;249mv[0m[38;5;249ma[0m[38;5;249mr[0m[38;5;249mi[0m[38;5;249ma[0m[38;5;249mn[0m[38;5;249mt[0m[38;5;249m=[0m[38;5;249m"[0m[38;5;249ms[0m[38;5;249me[0m[38;5;249mc[0m[38;5;249mo[0m[38;5;249mn[0m[38;5;249md[0m[38;5;249ma[0m[38;5;249mr[0m[38;5;249my[0m[38;5;249m"[0m[38;5;249m>[0m[38;5;249m [0m[38;5;249ms[0m[38;5;249me[0m[38;5;249mt[0m[38;5;249mS[0m[38;5;249mh[0m[38;5;249mo[0m[38;5;249mw[0m[38;5;249mH[0m[38;5;249mi[0m[38;5;249ms[0m[38;5;249mt[0m[38;5;249mo[0m[38;5;249mr[0m[38;5;249my[0m[38;5;249m([0m[38;5;249m![0m[38;5;249ms[0m[38;5;249mh[0m[38;5;249mo[0m[38;5;249mw[0m[38;5;249mH[0m[38;5;249mi[0m[38;5;249ms[0m[38;5;249mt[0m[38;5;249mo[0m[38;5;249mr[0m[38;5;249my[0m[38;5;249m)[0m[38;5;249m}[0m[38;5;249m [0m[38;5;249mc[0m[38;5;249ml[0m[38;5;249ma[0m[38;5;249ms[0m[38;5;249ms[0m[38;5;249mN[0m[38;5;249ma[0m[38;5;249mm[0m[38;5;249me[0m[38;5;249m=[0m[38;5;249m"[0m[38;5;249mp[0m[38;5;249mx[0m[38;5;249m-[0m[38;5;249m6[0m[38;5;249m [0m[38;5;249mp[0m[38;5;249my[0m[38;5;249m-[0m[38;5;249m4[0m[38;5;249m [0m[38;5;249mt[0m[38;5;249me[0m[38;5;249mx[0m[38;5;249mt[0m[38;5;249m-[0m[38;5;249ml[0m[38;5;249mg[0m[38;5;249m [0m[38;5;249mr[0m[38;5;249mo[0m[38;5;249mu[0m[38;5;249mn[0m[38;5;249md[0m[38;5;249me[0m[38;5;249md[0m[38;5;249m-[0m[38;5;249mx[0m[38;5;249ml[0m[38;5;249m"[0m[38;5;249m>[0m[38;5;249m<[0m[38;5;249mH[0m[38;5;249mi[0m[38;5;249ms[0m[38;5;249mt[0m[38;5;249mo[0m[38;5;249mr[0m[38;5;249my[0m[38;5;249m [0m[38;5;249mc[0m[38;5;249ml[0m[38;5;249ma[0m[38;5;249ms[0m[38;5;249ms[0m[38;5;249mN[0m[38;5;249ma[0m[38;5;249mm[0m[38;5;249me[0m[38;5;249m=[0m[38;5;249m"[0m[38;5;249mm[0m[38;5;249mr[0m[38;5;249m-[0m[38;5;249m2[0m[38;5;249m"[0m[38;5;249m [0m[38;5;249ms[0m[38;5;249mi[0m[38;5;249mz[0m[38;5;249me[0m[38;5;249m=[0m[38;5;249m"[0m[38;5;249m{[0m[38;5;249m2[0m[38;5;249m0[0m[38;5;249m}[0m[38;5;249m"[0m[38;5;249m/[0m[38;5;249m>[0m[38;5;249m [0m[38;5;249mا[0m[38;5;249mل[0m[38;5;249mت[0m[38;5;249mق[0m[38;5;249mي[0m[38;5;249mي[0m[38;5;249mم[0m[38;5;249mا[0m[38;5;249mت[0m[38;5;249m [0m[38;5;249mا[0m[38;5;249mل[0m[38;5;249mس[0m[38;5;249mا[0m[38;5;249mب[0m[38;5;249mق[0m[38;5;249mة[0m[38;5;249m<[0m[38;5;249m/[0m[38;5;249mB[0m[38;5;249mu[0m[38;5;249mt[0m[38;5;249mt[0m[38;5;249mo[0m[38;5;249mn[0m[38;5;249m>[0m
 [38;5;240m    │[0m                                                                                  │ 
 [38;5;240m    │[0m                                                                                  ╰─ 
[38;5;246m─────╯[0m
[39m
  Plugin: [35mvite:oxc[39m
  File: [36mC:/Users/ibrah/OneDrive/Desktop/medical-study-ai/frontend/src/components/MedPatientView.jsx[39m
      at transformWithOxc (file:///C:/Users/ibrah/OneDrive/Desktop/medical-study-ai/frontend/node_modules/vite/dist/node/chunks/node.js:4097:19)
      at TransformPluginContext.transform (file:///C:/Users/ibrah/OneDrive/Desktop/medical-study-ai/frontend/node_modules/vite/dist/node/chunks/node.js:4168:26)
      at EnvironmentPluginContainer.transform (file:///C:/Users/ibrah/OneDrive/Desktop/medical-study-ai/frontend/node_modules/vite/dist/node/chunks/node.js:30851:51)
      at async loadAndTransform (file:///C:/Users/ibrah/OneDrive/Desktop/medical-study-ai/frontend/node_modules/vite/dist/node/chunks/node.js:20619:26)
      at async viteTransformMiddleware (file:///C:/Users/ibrah/OneDrive/Desktop/medical-study-ai/frontend/node_modules/vite/dist/node/chunks/node.js:25142:20)
[2m12:24:42 AM[22m [36m[1m[vite][22m[39m [90m[2m(client)[22m[39m [optimizer] bundling dependencies...
[2m12:24:45 AM[22m [36m[1m[vite][22m[39m [90m[2m(client)[22m[39m [32mdependency optimized: [33mlucide-react[32m[39m
[2m12:24:45 AM[22m [36m[1m[vite][22m[39m [90m[2m(client)[22m[39m [32moptimized dependencies changed. reloading[39m
[2m12:24:46 AM[22m [31m[1m[vite][22m[39m [31m[2m(client)[22m[39m Pre-transform error: Transform failed with 1 error:

[31m[PARSE_ERROR] [0mUnexpected token. Did you mean `{'}'}` or `&rbrace;`?
     [38;5;246m╭[0m[38;5;246m─[0m[38;5;246m[[0m src/components/MedPatientView.jsx:118:82 [38;5;246m][0m
     [38;5;246m│[0m
 [38;5;246m118 │[0m [38;5;249m [0m[38;5;249m [0m[38;5;249m [0m[38;5;249m [0m[38;5;249m [0m[38;5;249m [0m[38;5;249m [0m[38;5;249m [0m[38;5;249m [0m[38;5;249m [0m[38;5;249m<[0m[38;5;249mB[0m[38;5;249mu[0m[38;5;249mt[0m[38;5;249mt[0m[38;5;249mo[0m[38;5;249mn[0m[38;5;249m [0m[38;5;249mo[0m[38;5;249mn[0m[38;5;249mC[0m[38;5;249ml[0m[38;5;249mi[0m[38;5;249mc[0m[38;5;249mk[0m[38;5;249m=[0m[38;5;249m"[0m[38;5;249m{[0m[38;5;249m([0m[38;5;249m)[0m[38;5;249m"[0m[38;5;249m [0m[38;5;249mv[0m[38;5;249ma[0m[38;5;249mr[0m[38;5;249mi[0m[38;5;249ma[0m[38;5;249mn[0m[38;5;249mt[0m[38;5;249m=[0m[38;5;249m"[0m[38;5;249ms[0m[38;5;249me[0m[38;5;249mc[0m[38;5;249mo[0m[38;5;249mn[0m[38;5;249md[0m[38;5;249ma[0m[38;5;249mr[0m[38;5;249my[0m[38;5;249m"[0m[38;5;249m>[0m[38;5;249m [0m[38;5;249ms[0m[38;5;249me[0m[38;5;249mt[0m[38;5;249mS[0m[38;5;249mh[0m[38;5;249mo[0m[38;5;249mw[0m[38;5;249mH[0m[38;5;249mi[0m[38;5;249ms[0m[38;5;249mt[0m[38;5;249mo[0m[38;5;249mr[0m[38;5;249my[0m[38;5;249m([0m[38;5;249m![0m[38;5;249ms[0m[38;5;249mh[0m[38;5;249mo[0m[38;5;249mw[0m[38;5;249mH[0m[38;5;249mi[0m[38;5;249ms[0m[38;5;249mt[0m[38;5;249mo[0m[38;5;249mr[0m[38;5;249my[0m[38;5;249m)[0m[38;5;249m}[0m[38;5;249m [0m[38;5;249mc[0m[38;5;249ml[0m[38;5;249ma[0m[38;5;249ms[0m[38;5;249ms[0m[38;5;249mN[0m[38;5;249ma[0m[38;5;249mm[0m[38;5;249me[0m[38;5;249m=[0m[38;5;249m"[0m[38;5;249mp[0m[38;5;249mx[0m[38;5;249m-[0m[38;5;249m6[0m[38;5;249m [0m[38;5;249mp[0m[38;5;249my[0m[38;5;249m-[0m[38;5;249m4[0m[38;5;249m [0m[38;5;249mt[0m[38;5;249me[0m[38;5;249mx[0m[38;5;249mt[0m[38;5;249m-[0m[38;5;249ml[0m[38;5;249mg[0m[38;5;249m [0m[38;5;249mr[0m[38;5;249mo[0m[38;5;249mu[0m[38;5;249mn[0m[38;5;249md[0m[38;5;249me[0m[38;5;249md[0m[38;5;249m-[0m[38;5;249mx[0m[38;5;249ml[0m[38;5;249m"[0m[38;5;249m>[0m[38;5;249m<[0m[38;5;249mH[0m[38;5;249mi[0m[38;5;249ms[0m[38;5;249mt[0m[38;5;249mo[0m[38;5;249mr[0m[38;5;249my[0m[38;5;249m [0m[38;5;249mc[0m[38;5;249ml[0m[38;5;249ma[0m[38;5;249ms[0m[38;5;249ms[0m[38;5;249mN[0m[38;5;249ma[0m[38;5;249mm[0m[38;5;249me[0m[38;5;249m=[0m[38;5;249m"[0m[38;5;249mm[0m[38;5;249mr[0m[38;5;249m-[0m[38;5;249m2[0m[38;5;249m"[0m[38;5;249m [0m[38;5;249ms[0m[38;5;249mi[0m[38;5;249mz[0m[38;5;249me[0m[38;5;249m=[0m[38;5;249m"[0m[38;5;249m{[0m[38;5;249m2[0m[38;5;249m0[0m[38;5;249m}[0m[38;5;249m"[0m[38;5;249m/[0m[38;5;249m>[0m[38;5;249m [0m[38;5;249mا[0m[38;5;249mل[0m[38;5;249mت[0m[38;5;249mق[0m[38;5;249mي[0m[38;5;249mي[0m[38;5;249mم[0m[38;5;249mا[0m[38;5;249mت[0m[38;5;249m [0m[38;5;249mا[0m[38;5;249mل[0m[38;5;249mس[0m[38;5;249mا[0m[38;5;249mب[0m[38;5;249mق[0m[38;5;249mة[0m[38;5;249m<[0m[38;5;249m/[0m[38;5;249mB[0m[38;5;249mu[0m[38;5;249mt[0m[38;5;249mt[0m[38;5;249mo[0m[38;5;249mn[0m[38;5;249m>[0m
 [38;5;240m    │[0m                                                                                  │ 
 [38;5;240m    │[0m                                                                                  ╰─ 
[38;5;246m─────╯[0m

  Plugin: [35mvite:oxc[39m
  File: [36mC:/Users/ibrah/OneDrive/Desktop/medical-study-ai/frontend/src/components/MedPatientView.jsx[39m
[2m12:24:46 AM[22m [31m[1m[vite][22m[39m [31m[2m(client)[22m[39m Pre-transform error: Transform failed with 1 error:

[31m[PARSE_ERROR] [0mUnexpected token. Did you mean `{'}'}` or `&rbrace;`?
     [38;5;246m╭[0m[38;5;246m─[0m[38;5;246m[[0m src/components/renderers.jsx:219:74 [38;5;246m][0m
     [38;5;246m│[0m
 [38;5;246m219 │[0m [38;5;249m [0m[38;5;249m [0m[38;5;249m [0m[38;5;249m [0m[38;5;249m [0m[38;5;249m [0m[38;5;249m [0m[38;5;249m [0m[38;5;249m<[0m[38;5;249mB[0m[38;5;249mu[0m[38;5;249mt[0m[38;5;249mt[0m[38;5;249mo[0m[38;5;249mn[0m[38;5;249m [0m[38;5;249mo[0m[38;5;249mn[0m[38;5;249mC[0m[38;5;249ml[0m[38;5;249mi[0m[38;5;249mc[0m[38;5;249mk[0m[38;5;249m=[0m[38;5;249m"[0m[38;5;249m{[0m[38;5;249m([0m[38;5;249m)[0m[38;5;249m"[0m[38;5;249m [0m[38;5;249mv[0m[38;5;249ma[0m[38;5;249mr[0m[38;5;249mi[0m[38;5;249ma[0m[38;5;249mn[0m[38;5;249mt[0m[38;5;249m=[0m[38;5;249m"[0m[38;5;249ms[0m[38;5;249me[0m[38;5;249mc[0m[38;5;249mo[0m[38;5;249mn[0m[38;5;249md[0m[38;5;249ma[0m[38;5;249mr[0m[38;5;249my[0m[38;5;249m"[0m[38;5;249m>[0m[38;5;249m [0m[38;5;249ms[0m[38;5;249me[0m[38;5;249mt[0m[38;5;249mC[0m[38;5;249mh[0m[38;5;249ma[0m[38;5;249mt[0m[38;5;249mO[0m[38;5;249mp[0m[38;5;249me[0m[38;5;249mn[0m[38;5;249m([0m[38;5;249m![0m[38;5;249mc[0m[38;5;249mh[0m[38;5;249ma[0m[38;5;249mt[0m[38;5;249mO[0m[38;5;249mp[0m[38;5;249me[0m[38;5;249mn[0m[38;5;249m)[0m[38;5;249m}[0m[38;5;249m [0m[38;5;249mc[0m[38;5;249ml[0m[38;5;249ma[0m[38;5;249ms[0m[38;5;249ms[0m[38;5;249mN[0m[38;5;249ma[0m[38;5;249mm[0m[38;5;249me[0m[38;5;249m=[0m[38;5;249m"[0m[38;5;249mt[0m[38;5;249me[0m[38;5;249mx[0m[38;5;249mt[0m[38;5;249m-[0m[38;5;249mt[0m[38;5;249me[0m[38;5;249ma[0m[38;5;249ml[0m[38;5;249m-[0m[38;5;249m6[0m[38;5;249m0[0m[38;5;249m0[0m[38;5;249m [0m[38;5;249md[0m[38;5;249ma[0m[38;5;249mr[0m[38;5;249mk[0m[38;5;249m:[0m[38;5;249mt[0m[38;5;249me[0m[38;5;249mx[0m[38;5;249mt[0m[38;5;249m-[0m[38;5;249mt[0m[38;5;249me[0m[38;5;249ma[0m[38;5;249ml[0m[38;5;249m-[0m[38;5;249m4[0m[38;5;249m0[0m[38;5;249m0[0m[38;5;249m [0m[38;5;249mb[0m[38;5;249mo[0m[38;5;249mr[0m[38;5;249md[0m[38;5;249me[0m[38;5;249mr[0m[38;5;249m-[0m[38;5;249mt[0m[38;5;249me[0m[38;5;249ma[0m[38;5;249ml[0m[38;5;249m-[0m[38;5;249m2[0m[38;5;249m0[0m[38;5;249m0[0m[38;5;249m"[0m[38;5;249m>[0m
 [38;5;240m    │[0m                                                                          │ 
 [38;5;240m    │[0m                                                                          ╰─ 
[38;5;246m─────╯[0m

  Plugin: [35mvite:oxc[39m
  File: [36mC:/Users/ibrah/OneDrive/Desktop/medical-study-ai/frontend/src/components/renderers.jsx[39m
[2m12:24:46 AM[22m [31m[1m[vite][22m[39m [31mInternal server error: Transform failed with 1 error:

[31m[PARSE_ERROR] [0mUnexpected token. Did you mean `{'}'}` or `&rbrace;`?
     [38;5;246m╭[0m[38;5;246m─[0m[38;5;246m[[0m src/components/renderers.jsx:219:74 [38;5;246m][0m
     [38;5;246m│[0m
 [38;5;246m219 │[0m [38;5;249m [0m[38;5;249m [0m[38;5;249m [0m[38;5;249m [0m[38;5;249m [0m[38;5;249m [0m[38;5;249m [0m[38;5;249m [0m[38;5;249m<[0m[38;5;249mB[0m[38;5;249mu[0m[38;5;249mt[0m[38;5;249mt[0m[38;5;249mo[0m[38;5;249mn[0m[38;5;249m [0m[38;5;249mo[0m[38;5;249mn[0m[38;5;249mC[0m[38;5;249ml[0m[38;5;249mi[0m[38;5;249mc[0m[38;5;249mk[0m[38;5;249m=[0m[38;5;249m"[0m[38;5;249m{[0m[38;5;249m([0m[38;5;249m)[0m[38;5;249m"[0m[38;5;249m [0m[38;5;249mv[0m[38;5;249ma[0m[38;5;249mr[0m[38;5;249mi[0m[38;5;249ma[0m[38;5;249mn[0m[38;5;249mt[0m[38;5;249m=[0m[38;5;249m"[0m[38;5;249ms[0m[38;5;249me[0m[38;5;249mc[0m[38;5;249mo[0m[38;5;249mn[0m[38;5;249md[0m[38;5;249ma[0m[38;5;249mr[0m[38;5;249my[0m[38;5;249m"[0m[38;5;249m>[0m[38;5;249m [0m[38;5;249ms[0m[38;5;249me[0m[38;5;249mt[0m[38;5;249mC[0m[38;5;249mh[0m[38;5;249ma[0m[38;5;249mt[0m[38;5;249mO[0m[38;5;249mp[0m[38;5;249me[0m[38;5;249mn[0m[38;5;249m([0m[38;5;249m![0m[38;5;249mc[0m[38;5;249mh[0m[38;5;249ma[0m[38;5;249mt[0m[38;5;249mO[0m[38;5;249mp[0m[38;5;249me[0m[38;5;249mn[0m[38;5;249m)[0m[38;5;249m}[0m[38;5;249m [0m[38;5;249mc[0m[38;5;249ml[0m[38;5;249ma[0m[38;5;249ms[0m[38;5;249ms[0m[38;5;249mN[0m[38;5;249ma[0m[38;5;249mm[0m[38;5;249me[0m[38;5;249m=[0m[38;5;249m"[0m[38;5;249mt[0m[38;5;249me[0m[38;5;249mx[0m[38;5;249mt[0m[38;5;249m-[0m[38;5;249mt[0m[38;5;249me[0m[38;5;249ma[0m[38;5;249ml[0m[38;5;249m-[0m[38;5;249m6[0m[38;5;249m0[0m[38;5;249m0[0m[38;5;249m [0m[38;5;249md[0m[38;5;249ma[0m[38;5;249mr[0m[38;5;249mk[0m[38;5;249m:[0m[38;5;249mt[0m[38;5;249me[0m[38;5;249mx[0m[38;5;249mt[0m[38;5;249m-[0m[38;5;249mt[0m[38;5;249me[0m[38;5;249ma[0m[38;5;249ml[0m[38;5;249m-[0m[38;5;249m4[0m[38;5;249m0[0m[38;5;249m0[0m[38;5;249m [0m[38;5;249mb[0m[38;5;249mo[0m[38;5;249mr[0m[38;5;249md[0m[38;5;249me[0m[38;5;249mr[0m[38;5;249m-[0m[38;5;249mt[0m[38;5;249me[0m[38;5;249ma[0m[38;5;249ml[0m[38;5;249m-[0m[38;5;249m2[0m[38;5;249m0[0m[38;5;249m0[0m[38;5;249m"[0m[38;5;249m>[0m
 [38;5;240m    │[0m                                                                          │ 
 [38;5;240m    │[0m                                                                          ╰─ 
[38;5;246m─────╯[0m
[39m
  Plugin: [35mvite:oxc[39m
  File: [36mC:/Users/ibrah/OneDrive/Desktop/medical-study-ai/frontend/src/components/renderers.jsx[39m
      at transformWithOxc (file:///C:/Users/ibrah/OneDrive/Desktop/medical-study-ai/frontend/node_modules/vite/dist/node/chunks/node.js:4097:19)
      at TransformPluginContext.transform (file:///C:/Users/ibrah/OneDrive/Desktop/medical-study-ai/frontend/node_modules/vite/dist/node/chunks/node.js:4168:26)
      at EnvironmentPluginContainer.transform (file:///C:/Users/ibrah/OneDrive/Desktop/medical-study-ai/frontend/node_modules/vite/dist/node/chunks/node.js:30851:51)
      at async loadAndTransform (file:///C:/Users/ibrah/OneDrive/Desktop/medical-study-ai/frontend/node_modules/vite/dist/node/chunks/node.js:20619:26)
      at async viteTransformMiddleware (file:///C:/Users/ibrah/OneDrive/Desktop/medical-study-ai/frontend/node_modules/vite/dist/node/chunks/node.js:25142:20)
[2m12:24:46 AM[22m [31m[1m[vite][22m[39m [31mInternal server error: Transform failed with 1 error:

[31m[PARSE_ERROR] [0mUnexpected token. Did you mean `{'}'}` or `&rbrace;`?
     [38;5;246m╭[0m[38;5;246m─[0m[38;5;246m[[0m src/components/MedPatientView.jsx:118:82 [38;5;246m][0m
     [38;5;246m│[0m
 [38;5;246m118 │[0m [38;5;249m [0m[38;5;249m [0m[38;5;249m [0m[38;5;249m [0m[38;5;249m [0m[38;5;249m [0m[38;5;249m [0m[38;5;249m [0m[38;5;249m [0m[38;5;249m [0m[38;5;249m<[0m[38;5;249mB[0m[38;5;249mu[0m[38;5;249mt[0m[38;5;249mt[0m[38;5;249mo[0m[38;5;249mn[0m[38;5;249m [0m[38;5;249mo[0m[38;5;249mn[0m[38;5;249mC[0m[38;5;249ml[0m[38;5;249mi[0m[38;5;249mc[0m[38;5;249mk[0m[38;5;249m=[0m[38;5;249m"[0m[38;5;249m{[0m[38;5;249m([0m[38;5;249m)[0m[38;5;249m"[0m[38;5;249m [0m[38;5;249mv[0m[38;5;249ma[0m[38;5;249mr[0m[38;5;249mi[0m[38;5;249ma[0m[38;5;249mn[0m[38;5;249mt[0m[38;5;249m=[0m[38;5;249m"[0m[38;5;249ms[0m[38;5;249me[0m[38;5;249mc[0m[38;5;249mo[0m[38;5;249mn[0m[38;5;249md[0m[38;5;249ma[0m[38;5;249mr[0m[38;5;249my[0m[38;5;249m"[0m[38;5;249m>[0m[38;5;249m [0m[38;5;249ms[0m[38;5;249me[0m[38;5;249mt[0m[38;5;249mS[0m[38;5;249mh[0m[38;5;249mo[0m[38;5;249mw[0m[38;5;249mH[0m[38;5;249mi[0m[38;5;249ms[0m[38;5;249mt[0m[38;5;249mo[0m[38;5;249mr[0m[38;5;249my[0m[38;5;249m([0m[38;5;249m![0m[38;5;249ms[0m[38;5;249mh[0m[38;5;249mo[0m[38;5;249mw[0m[38;5;249mH[0m[38;5;249mi[0m[38;5;249ms[0m[38;5;249mt[0m[38;5;249mo[0m[38;5;249mr[0m[38;5;249my[0m[38;5;249m)[0m[38;5;249m}[0m[38;5;249m [0m[38;5;249mc[0m[38;5;249ml[0m[38;5;249ma[0m[38;5;249ms[0m[38;5;249ms[0m[38;5;249mN[0m[38;5;249ma[0m[38;5;249mm[0m[38;5;249me[0m[38;5;249m=[0m[38;5;249m"[0m[38;5;249mp[0m[38;5;249mx[0m[38;5;249m-[0m[38;5;249m6[0m[38;5;249m [0m[38;5;249mp[0m[38;5;249my[0m[38;5;249m-[0m[38;5;249m4[0m[38;5;249m [0m[38;5;249mt[0m[38;5;249me[0m[38;5;249mx[0m[38;5;249mt[0m[38;5;249m-[0m[38;5;249ml[0m[38;5;249mg[0m[38;5;249m [0m[38;5;249mr[0m[38;5;249mo[0m[38;5;249mu[0m[38;5;249mn[0m[38;5;249md[0m[38;5;249me[0m[38;5;249md[0m[38;5;249m-[0m[38;5;249mx[0m[38;5;249ml[0m[38;5;249m"[0m[38;5;249m>[0m[38;5;249m<[0m[38;5;249mH[0m[38;5;249mi[0m[38;5;249ms[0m[38;5;249mt[0m[38;5;249mo[0m[38;5;249mr[0m[38;5;249my[0m[38;5;249m [0m[38;5;249mc[0m[38;5;249ml[0m[38;5;249ma[0m[38;5;249ms[0m[38;5;249ms[0m[38;5;249mN[0m[38;5;249ma[0m[38;5;249mm[0m[38;5;249me[0m[38;5;249m=[0m[38;5;249m"[0m[38;5;249mm[0m[38;5;249mr[0m[38;5;249m-[0m[38;5;249m2[0m[38;5;249m"[0m[38;5;249m [0m[38;5;249ms[0m[38;5;249mi[0m[38;5;249mz[0m[38;5;249me[0m[38;5;249m=[0m[38;5;249m"[0m[38;5;249m{[0m[38;5;249m2[0m[38;5;249m0[0m[38;5;249m}[0m[38;5;249m"[0m[38;5;249m/[0m[38;5;249m>[0m[38;5;249m [0m[38;5;249mا[0m[38;5;249mل[0m[38;5;249mت[0m[38;5;249mق[0m[38;5;249mي[0m[38;5;249mي[0m[38;5;249mم[0m[38;5;249mا[0m[38;5;249mت[0m[38;5;249m [0m[38;5;249mا[0m[38;5;249mل[0m[38;5;249mس[0m[38;5;249mا[0m[38;5;249mب[0m[38;5;249mق[0m[38;5;249mة[0m[38;5;249m<[0m[38;5;249m/[0m[38;5;249mB[0m[38;5;249mu[0m[38;5;249mt[0m[38;5;249mt[0m[38;5;249mo[0m[38;5;249mn[0m[38;5;249m>[0m
 [38;5;240m    │[0m                                                                                  │ 
 [38;5;240m    │[0m                                                                                  ╰─ 
[38;5;246m─────╯[0m
[39m
  Plugin: [35mvite:oxc[39m
  File: [36mC:/Users/ibrah/OneDrive/Desktop/medical-study-ai/frontend/src/components/MedPatientView.jsx[39m
      at transformWithOxc (file:///C:/Users/ibrah/OneDrive/Desktop/medical-study-ai/frontend/node_modules/vite/dist/node/chunks/node.js:4097:19)
      at TransformPluginContext.transform (file:///C:/Users/ibrah/OneDrive/Desktop/medical-study-ai/frontend/node_modules/vite/dist/node/chunks/node.js:4168:26)
      at EnvironmentPluginContainer.transform (file:///C:/Users/ibrah/OneDrive/Desktop/medical-study-ai/frontend/node_modules/vite/dist/node/chunks/node.js:30851:51)
      at async loadAndTransform (file:///C:/Users/ibrah/OneDrive/Desktop/medical-study-ai/frontend/node_modules/vite/dist/node/chunks/node.js:20619:26)
      at async viteTransformMiddleware (file:///C:/Users/ibrah/OneDrive/Desktop/medical-study-ai/frontend/node_modules/vite/dist/node/chunks/node.js:25142:20)
[2m12:25:00 AM[22m [36m[1m[vite][22m[39m [90m[2m(client)[22m[39m [32mhmr update [39m[2m/src/App.jsx, /src/index.css[22m
[2m12:25:00 AM[22m [31m[1m[vite][22m[39m [31m[2m(client)[22m[39m Pre-transform error: Transform failed with 1 error:

[31m[PARSE_ERROR] [0mUnexpected token. Did you mean `{'}'}` or `&rbrace;`?
     [38;5;246m╭[0m[38;5;246m─[0m[38;5;246m[[0m src/components/renderers.jsx:219:74 [38;5;246m][0m
     [38;5;246m│[0m
 [38;5;246m219 │[0m [38;5;249m [0m[38;5;249m [0m[38;5;249m [0m[38;5;249m [0m[38;5;249m [0m[38;5;249m [0m[38;5;249m [0m[38;5;249m [0m[38;5;249m<[0m[38;5;249mB[0m[38;5;249mu[0m[38;5;249mt[0m[38;5;249mt[0m[38;5;249mo[0m[38;5;249mn[0m[38;5;249m [0m[38;5;249mo[0m[38;5;249mn[0m[38;5;249mC[0m[38;5;249ml[0m[38;5;249mi[0m[38;5;249mc[0m[38;5;249mk[0m[38;5;249m=[0m[38;5;249m"[0m[38;5;249m{[0m[38;5;249m([0m[38;5;249m)[0m[38;5;249m"[0m[38;5;249m [0m[38;5;249mv[0m[38;5;249ma[0m[38;5;249mr[0m[38;5;249mi[0m[38;5;249ma[0m[38;5;249mn[0m[38;5;249mt[0m[38;5;249m=[0m[38;5;249m"[0m[38;5;249ms[0m[38;5;249me[0m[38;5;249mc[0m[38;5;249mo[0m[38;5;249mn[0m[38;5;249md[0m[38;5;249ma[0m[38;5;249mr[0m[38;5;249my[0m[38;5;249m"[0m[38;5;249m>[0m[38;5;249m [0m[38;5;249ms[0m[38;5;249me[0m[38;5;249mt[0m[38;5;249mC[0m[38;5;249mh[0m[38;5;249ma[0m[38;5;249mt[0m[38;5;249mO[0m[38;5;249mp[0m[38;5;249me[0m[38;5;249mn[0m[38;5;249m([0m[38;5;249m![0m[38;5;249mc[0m[38;5;249mh[0m[38;5;249ma[0m[38;5;249mt[0m[38;5;249mO[0m[38;5;249mp[0m[38;5;249me[0m[38;5;249mn[0m[38;5;249m)[0m[38;5;249m}[0m[38;5;249m [0m[38;5;249mc[0m[38;5;249ml[0m[38;5;249ma[0m[38;5;249ms[0m[38;5;249ms[0m[38;5;249mN[0m[38;5;249ma[0m[38;5;249mm[0m[38;5;249me[0m[38;5;249m=[0m[38;5;249m"[0m[38;5;249mt[0m[38;5;249me[0m[38;5;249mx[0m[38;5;249mt[0m[38;5;249m-[0m[38;5;249mt[0m[38;5;249me[0m[38;5;249ma[0m[38;5;249ml[0m[38;5;249m-[0m[38;5;249m6[0m[38;5;249m0[0m[38;5;249m0[0m[38;5;249m [0m[38;5;249md[0m[38;5;249ma[0m[38;5;249mr[0m[38;5;249mk[0m[38;5;249m:[0m[38;5;249mt[0m[38;5;249me[0m[38;5;249mx[0m[38;5;249mt[0m[38;5;249m-[0m[38;5;249mt[0m[38;5;249me[0m[38;5;249ma[0m[38;5;249ml[0m[38;5;249m-[0m[38;5;249m4[0m[38;5;249m0[0m[38;5;249m0[0m[38;5;249m [0m[38;5;249mb[0m[38;5;249mo[0m[38;5;249mr[0m[38;5;249md[0m[38;5;249me[0m[38;5;249mr[0m[38;5;249m-[0m[38;5;249mt[0m[38;5;249me[0m[38;5;249ma[0m[38;5;249ml[0m[38;5;249m-[0m[38;5;249m2[0m[38;5;249m0[0m[38;5;249m0[0m[38;5;249m"[0m[38;5;249m>[0m
 [38;5;240m    │[0m                                                                          │ 
 [38;5;240m    │[0m                                                                          ╰─ 
[38;5;246m─────╯[0m

  Plugin: [35mvite:oxc[39m
  File: [36mC:/Users/ibrah/OneDrive/Desktop/medical-study-ai/frontend/src/components/renderers.jsx[39m
[2m12:25:00 AM[22m [31m[1m[vite][22m[39m [31m[2m(client)[22m[39m Pre-transform error: Transform failed with 1 error:

[31m[PARSE_ERROR] [0mUnexpected token. Did you mean `{'}'}` or `&rbrace;`?
     [38;5;246m╭[0m[38;5;246m─[0m[38;5;246m[[0m src/components/MedPatientView.jsx:118:82 [38;5;246m][0m
     [38;5;246m│[0m
 [38;5;246m118 │[0m [38;5;249m [0m[38;5;249m [0m[38;5;249m [0m[38;5;249m [0m[38;5;249m [0m[38;5;249m [0m[38;5;249m [0m[38;5;249m [0m[38;5;249m [0m[38;5;249m [0m[38;5;249m<[0m[38;5;249mB[0m[38;5;249mu[0m[38;5;249mt[0m[38;5;249mt[0m[38;5;249mo[0m[38;5;249mn[0m[38;5;249m [0m[38;5;249mo[0m[38;5;249mn[0m[38;5;249mC[0m[38;5;249ml[0m[38;5;249mi[0m[38;5;249mc[0m[38;5;249mk[0m[38;5;249m=[0m[38;5;249m"[0m[38;5;249m{[0m[38;5;249m([0m[38;5;249m)[0m[38;5;249m"[0m[38;5;249m [0m[38;5;249mv[0m[38;5;249ma[0m[38;5;249mr[0m[38;5;249mi[0m[38;5;249ma[0m[38;5;249mn[0m[38;5;249mt[0m[38;5;249m=[0m[38;5;249m"[0m[38;5;249ms[0m[38;5;249me[0m[38;5;249mc[0m[38;5;249mo[0m[38;5;249mn[0m[38;5;249md[0m[38;5;249ma[0m[38;5;249mr[0m[38;5;249my[0m[38;5;249m"[0m[38;5;249m>[0m[38;5;249m [0m[38;5;249ms[0m[38;5;249me[0m[38;5;249mt[0m[38;5;249mS[0m[38;5;249mh[0m[38;5;249mo[0m[38;5;249mw[0m[38;5;249mH[0m[38;5;249mi[0m[38;5;249ms[0m[38;5;249mt[0m[38;5;249mo[0m[38;5;249mr[0m[38;5;249my[0m[38;5;249m([0m[38;5;249m![0m[38;5;249ms[0m[38;5;249mh[0m[38;5;249mo[0m[38;5;249mw[0m[38;5;249mH[0m[38;5;249mi[0m[38;5;249ms[0m[38;5;249mt[0m[38;5;249mo[0m[38;5;249mr[0m[38;5;249my[0m[38;5;249m)[0m[38;5;249m}[0m[38;5;249m [0m[38;5;249mc[0m[38;5;249ml[0m[38;5;249ma[0m[38;5;249ms[0m[38;5;249ms[0m[38;5;249mN[0m[38;5;249ma[0m[38;5;249mm[0m[38;5;249me[0m[38;5;249m=[0m[38;5;249m"[0m[38;5;249mp[0m[38;5;249mx[0m[38;5;249m-[0m[38;5;249m6[0m[38;5;249m [0m[38;5;249mp[0m[38;5;249my[0m[38;5;249m-[0m[38;5;249m4[0m[38;5;249m [0m[38;5;249mt[0m[38;5;249me[0m[38;5;249mx[0m[38;5;249mt[0m[38;5;249m-[0m[38;5;249ml[0m[38;5;249mg[0m[38;5;249m [0m[38;5;249mr[0m[38;5;249mo[0m[38;5;249mu[0m[38;5;249mn[0m[38;5;249md[0m[38;5;249me[0m[38;5;249md[0m[38;5;249m-[0m[38;5;249mx[0m[38;5;249ml[0m[38;5;249m"[0m[38;5;249m>[0m[38;5;249m<[0m[38;5;249mH[0m[38;5;249mi[0m[38;5;249ms[0m[38;5;249mt[0m[38;5;249mo[0m[38;5;249mr[0m[38;5;249my[0m[38;5;249m [0m[38;5;249mc[0m[38;5;249ml[0m[38;5;249ma[0m[38;5;249ms[0m[38;5;249ms[0m[38;5;249mN[0m[38;5;249ma[0m[38;5;249mm[0m[38;5;249me[0m[38;5;249m=[0m[38;5;249m"[0m[38;5;249mm[0m[38;5;249mr[0m[38;5;249m-[0m[38;5;249m2[0m[38;5;249m"[0m[38;5;249m [0m[38;5;249ms[0m[38;5;249mi[0m[38;5;249mz[0m[38;5;249me[0m[38;5;249m=[0m[38;5;249m"[0m[38;5;249m{[0m[38;5;249m2[0m[38;5;249m0[0m[38;5;249m}[0m[38;5;249m"[0m[38;5;249m/[0m[38;5;249m>[0m[38;5;249m [0m[38;5;249mا[0m[38;5;249mل[0m[38;5;249mت[0m[38;5;249mق[0m[38;5;249mي[0m[38;5;249mي[0m[38;5;249mم[0m[38;5;249mا[0m[38;5;249mت[0m[38;5;249m [0m[38;5;249mا[0m[38;5;249mل[0m[38;5;249mس[0m[38;5;249mا[0m[38;5;249mب[0m[38;5;249mق[0m[38;5;249mة[0m[38;5;249m<[0m[38;5;249m/[0m[38;5;249mB[0m[38;5;249mu[0m[38;5;249mt[0m[38;5;249mt[0m[38;5;249mo[0m[38;5;249mn[0m[38;5;249m>[0m
 [38;5;240m    │[0m                                                                                  │ 
 [38;5;240m    │[0m                                                                                  ╰─ 
[38;5;246m─────╯[0m

  Plugin: [35mvite:oxc[39m
  File: [36mC:/Users/ibrah/OneDrive/Desktop/medical-study-ai/frontend/src/components/MedPatientView.jsx[39m
[2m12:25:00 AM[22m [31m[1m[vite][22m[39m [31mInternal server error: Transform failed with 1 error:

[31m[PARSE_ERROR] [0mUnexpected token. Did you mean `{'}'}` or `&rbrace;`?
     [38;5;246m╭[0m[38;5;246m─[0m[38;5;246m[[0m src/components/renderers.jsx:219:74 [38;5;246m][0m
     [38;5;246m│[0m
 [38;5;246m219 │[0m [38;5;249m [0m[38;5;249m [0m[38;5;249m [0m[38;5;249m [0m[38;5;249m [0m[38;5;249m [0m[38;5;249m [0m[38;5;249m [0m[38;5;249m<[0m[38;5;249mB[0m[38;5;249mu[0m[38;5;249mt[0m[38;5;249mt[0m[38;5;249mo[0m[38;5;249mn[0m[38;5;249m [0m[38;5;249mo[0m[38;5;249mn[0m[38;5;249mC[0m[38;5;249ml[0m[38;5;249mi[0m[38;5;249mc[0m[38;5;249mk[0m[38;5;249m=[0m[38;5;249m"[0m[38;5;249m{[0m[38;5;249m([0m[38;5;249m)[0m[38;5;249m"[0m[38;5;249m [0m[38;5;249mv[0m[38;5;249ma[0m[38;5;249mr[0m[38;5;249mi[0m[38;5;249ma[0m[38;5;249mn[0m[38;5;249mt[0m[38;5;249m=[0m[38;5;249m"[0m[38;5;249ms[0m[38;5;249me[0m[38;5;249mc[0m[38;5;249mo[0m[38;5;249mn[0m[38;5;249md[0m[38;5;249ma[0m[38;5;249mr[0m[38;5;249my[0m[38;5;249m"[0m[38;5;249m>[0m[38;5;249m [0m[38;5;249ms[0m[38;5;249me[0m[38;5;249mt[0m[38;5;249mC[0m[38;5;249mh[0m[38;5;249ma[0m[38;5;249mt[0m[38;5;249mO[0m[38;5;249mp[0m[38;5;249me[0m[38;5;249mn[0m[38;5;249m([0m[38;5;249m![0m[38;5;249mc[0m[38;5;249mh[0m[38;5;249ma[0m[38;5;249mt[0m[38;5;249mO[0m[38;5;249mp[0m[38;5;249me[0m[38;5;249mn[0m[38;5;249m)[0m[38;5;249m}[0m[38;5;249m [0m[38;5;249mc[0m[38;5;249ml[0m[38;5;249ma[0m[38;5;249ms[0m[38;5;249ms[0m[38;5;249mN[0m[38;5;249ma[0m[38;5;249mm[0m[38;5;249me[0m[38;5;249m=[0m[38;5;249m"[0m[38;5;249mt[0m[38;5;249me[0m[38;5;249mx[0m[38;5;249mt[0m[38;5;249m-[0m[38;5;249mt[0m[38;5;249me[0m[38;5;249ma[0m[38;5;249ml[0m[38;5;249m-[0m[38;5;249m6[0m[38;5;249m0[0m[38;5;249m0[0m[38;5;249m [0m[38;5;249md[0m[38;5;249ma[0m[38;5;249mr[0m[38;5;249mk[0m[38;5;249m:[0m[38;5;249mt[0m[38;5;249me[0m[38;5;249mx[0m[38;5;249mt[0m[38;5;249m-[0m[38;5;249mt[0m[38;5;249me[0m[38;5;249ma[0m[38;5;249ml[0m[38;5;249m-[0m[38;5;249m4[0m[38;5;249m0[0m[38;5;249m0[0m[38;5;249m [0m[38;5;249mb[0m[38;5;249mo[0m[38;5;249mr[0m[38;5;249md[0m[38;5;249me[0m[38;5;249mr[0m[38;5;249m-[0m[38;5;249mt[0m[38;5;249me[0m[38;5;249ma[0m[38;5;249ml[0m[38;5;249m-[0m[38;5;249m2[0m[38;5;249m0[0m[38;5;249m0[0m[38;5;249m"[0m[38;5;249m>[0m
 [38;5;240m    │[0m                                                                          │ 
 [38;5;240m    │[0m                                                                          ╰─ 
[38;5;246m─────╯[0m
[39m
  Plugin: [35mvite:oxc[39m
  File: [36mC:/Users/ibrah/OneDrive/Desktop/medical-study-ai/frontend/src/components/renderers.jsx[39m
      at transformWithOxc (file:///C:/Users/ibrah/OneDrive/Desktop/medical-study-ai/frontend/node_modules/vite/dist/node/chunks/node.js:4097:19)
      at TransformPluginContext.transform (file:///C:/Users/ibrah/OneDrive/Desktop/medical-study-ai/frontend/node_modules/vite/dist/node/chunks/node.js:4168:26)
      at EnvironmentPluginContainer.transform (file:///C:/Users/ibrah/OneDrive/Desktop/medical-study-ai/frontend/node_modules/vite/dist/node/chunks/node.js:30851:51)
      at async loadAndTransform (file:///C:/Users/ibrah/OneDrive/Desktop/medical-study-ai/frontend/node_modules/vite/dist/node/chunks/node.js:20619:26)
      at async viteTransformMiddleware (file:///C:/Users/ibrah/OneDrive/Desktop/medical-study-ai/frontend/node_modules/vite/dist/node/chunks/node.js:25142:20)
[2m12:25:00 AM[22m [31m[1m[vite][22m[39m [31mInternal server error: Transform failed with 1 error:

[31m[PARSE_ERROR] [0mUnexpected token. Did you mean `{'}'}` or `&rbrace;`?
     [38;5;246m╭[0m[38;5;246m─[0m[38;5;246m[[0m src/components/MedPatientView.jsx:118:82 [38;5;246m][0m
     [38;5;246m│[0m
 [38;5;246m118 │[0m [38;5;249m [0m[38;5;249m [0m[38;5;249m [0m[38;5;249m [0m[38;5;249m [0m[38;5;249m [0m[38;5;249m [0m[38;5;249m [0m[38;5;249m [0m[38;5;249m [0m[38;5;249m<[0m[38;5;249mB[0m[38;5;249mu[0m[38;5;249mt[0m[38;5;249mt[0m[38;5;249mo[0m[38;5;249mn[0m[38;5;249m [0m[38;5;249mo[0m[38;5;249mn[0m[38;5;249mC[0m[38;5;249ml[0m[38;5;249mi[0m[38;5;249mc[0m[38;5;249mk[0m[38;5;249m=[0m[38;5;249m"[0m[38;5;249m{[0m[38;5;249m([0m[38;5;249m)[0m[38;5;249m"[0m[38;5;249m [0m[38;5;249mv[0m[38;5;249ma[0m[38;5;249mr[0m[38;5;249mi[0m[38;5;249ma[0m[38;5;249mn[0m[38;5;249mt[0m[38;5;249m=[0m[38;5;249m"[0m[38;5;249ms[0m[38;5;249me[0m[38;5;249mc[0m[38;5;249mo[0m[38;5;249mn[0m[38;5;249md[0m[38;5;249ma[0m[38;5;249mr[0m[38;5;249my[0m[38;5;249m"[0m[38;5;249m>[0m[38;5;249m [0m[38;5;249ms[0m[38;5;249me[0m[38;5;249mt[0m[38;5;249mS[0m[38;5;249mh[0m[38;5;249mo[0m[38;5;249mw[0m[38;5;249mH[0m[38;5;249mi[0m[38;5;249ms[0m[38;5;249mt[0m[38;5;249mo[0m[38;5;249mr[0m[38;5;249my[0m[38;5;249m([0m[38;5;249m![0m[38;5;249ms[0m[38;5;249mh[0m[38;5;249mo[0m[38;5;249mw[0m[38;5;249mH[0m[38;5;249mi[0m[38;5;249ms[0m[38;5;249mt[0m[38;5;249mo[0m[38;5;249mr[0m[38;5;249my[0m[38;5;249m)[0m[38;5;249m}[0m[38;5;249m [0m[38;5;249mc[0m[38;5;249ml[0m[38;5;249ma[0m[38;5;249ms[0m[38;5;249ms[0m[38;5;249mN[0m[38;5;249ma[0m[38;5;249mm[0m[38;5;249me[0m[38;5;249m=[0m[38;5;249m"[0m[38;5;249mp[0m[38;5;249mx[0m[38;5;249m-[0m[38;5;249m6[0m[38;5;249m [0m[38;5;249mp[0m[38;5;249my[0m[38;5;249m-[0m[38;5;249m4[0m[38;5;249m [0m[38;5;249mt[0m[38;5;249me[0m[38;5;249mx[0m[38;5;249mt[0m[38;5;249m-[0m[38;5;249ml[0m[38;5;249mg[0m[38;5;249m [0m[38;5;249mr[0m[38;5;249mo[0m[38;5;249mu[0m[38;5;249mn[0m[38;5;249md[0m[38;5;249me[0m[38;5;249md[0m[38;5;249m-[0m[38;5;249mx[0m[38;5;249ml[0m[38;5;249m"[0m[38;5;249m>[0m[38;5;249m<[0m[38;5;249mH[0m[38;5;249mi[0m[38;5;249ms[0m[38;5;249mt[0m[38;5;249mo[0m[38;5;249mr[0m[38;5;249my[0m[38;5;249m [0m[38;5;249mc[0m[38;5;249ml[0m[38;5;249ma[0m[38;5;249ms[0m[38;5;249ms[0m[38;5;249mN[0m[38;5;249ma[0m[38;5;249mm[0m[38;5;249me[0m[38;5;249m=[0m[38;5;249m"[0m[38;5;249mm[0m[38;5;249mr[0m[38;5;249m-[0m[38;5;249m2[0m[38;5;249m"[0m[38;5;249m [0m[38;5;249ms[0m[38;5;249mi[0m[38;5;249mz[0m[38;5;249me[0m[38;5;249m=[0m[38;5;249m"[0m[38;5;249m{[0m[38;5;249m2[0m[38;5;249m0[0m[38;5;249m}[0m[38;5;249m"[0m[38;5;249m/[0m[38;5;249m>[0m[38;5;249m [0m[38;5;249mا[0m[38;5;249mل[0m[38;5;249mت[0m[38;5;249mق[0m[38;5;249mي[0m[38;5;249mي[0m[38;5;249mم[0m[38;5;249mا[0m[38;5;249mت[0m[38;5;249m [0m[38;5;249mا[0m[38;5;249mل[0m[38;5;249mس[0m[38;5;249mا[0m[38;5;249mب[0m[38;5;249mق[0m[38;5;249mة[0m[38;5;249m<[0m[38;5;249m/[0m[38;5;249mB[0m[38;5;249mu[0m[38;5;249mt[0m[38;5;249mt[0m[38;5;249mo[0m[38;5;249mn[0m[38;5;249m>[0m
 [38;5;240m    │[0m                                                                                  │ 
 [38;5;240m    │[0m                                                                                  ╰─ 
[38;5;246m─────╯[0m
[39m
  Plugin: [35mvite:oxc[39m
  File: [36mC:/Users/ibrah/OneDrive/Desktop/medical-study-ai/frontend/src/components/MedPatientView.jsx[39m
      at transformWithOxc (file:///C:/Users/ibrah/OneDrive/Desktop/medical-study-ai/frontend/node_modules/vite/dist/node/chunks/node.js:4097:19)
      at TransformPluginContext.transform (file:///C:/Users/ibrah/OneDrive/Desktop/medical-study-ai/frontend/node_modules/vite/dist/node/chunks/node.js:4168:26)
      at EnvironmentPluginContainer.transform (file:///C:/Users/ibrah/OneDrive/Desktop/medical-study-ai/frontend/node_modules/vite/dist/node/chunks/node.js:30851:51)
      at async loadAndTransform (file:///C:/Users/ibrah/OneDrive/Desktop/medical-study-ai/frontend/node_modules/vite/dist/node/chunks/node.js:20619:26)
      at async viteTransformMiddleware (file:///C:/Users/ibrah/OneDrive/Desktop/medical-study-ai/frontend/node_modules/vite/dist/node/chunks/node.js:25142:20)
[2m12:25:15 AM[22m [31m[1m[vite][22m[39m [31mInternal server error: Transform failed with 1 error:

[31m[PARSE_ERROR] [0mUnexpected token. Did you mean `{'}'}` or `&rbrace;`?
     [38;5;246m╭[0m[38;5;246m─[0m[38;5;246m[[0m src/components/renderers.jsx:219:74 [38;5;246m][0m
     [38;5;246m│[0m
 [38;5;246m219 │[0m [38;5;249m [0m[38;5;249m [0m[38;5;249m [0m[38;5;249m [0m[38;5;249m [0m[38;5;249m [0m[38;5;249m [0m[38;5;249m [0m[38;5;249m<[0m[38;5;249mB[0m[38;5;249mu[0m[38;5;249mt[0m[38;5;249mt[0m[38;5;249mo[0m[38;5;249mn[0m[38;5;249m [0m[38;5;249mo[0m[38;5;249mn[0m[38;5;249mC[0m[38;5;249ml[0m[38;5;249mi[0m[38;5;249mc[0m[38;5;249mk[0m[38;5;249m=[0m[38;5;249m"[0m[38;5;249m{[0m[38;5;249m([0m[38;5;249m)[0m[38;5;249m"[0m[38;5;249m [0m[38;5;249mv[0m[38;5;249ma[0m[38;5;249mr[0m[38;5;249mi[0m[38;5;249ma[0m[38;5;249mn[0m[38;5;249mt[0m[38;5;249m=[0m[38;5;249m"[0m[38;5;249ms[0m[38;5;249me[0m[38;5;249mc[0m[38;5;249mo[0m[38;5;249mn[0m[38;5;249md[0m[38;5;249ma[0m[38;5;249mr[0m[38;5;249my[0m[38;5;249m"[0m[38;5;249m>[0m[38;5;249m [0m[38;5;249ms[0m[38;5;249me[0m[38;5;249mt[0m[38;5;249mC[0m[38;5;249mh[0m[38;5;249ma[0m[38;5;249mt[0m[38;5;249mO[0m[38;5;249mp[0m[38;5;249me[0m[38;5;249mn[0m[38;5;249m([0m[38;5;249m![0m[38;5;249mc[0m[38;5;249mh[0m[38;5;249ma[0m[38;5;249mt[0m[38;5;249mO[0m[38;5;249mp[0m[38;5;249me[0m[38;5;249mn[0m[38;5;249m)[0m[38;5;249m}[0m[38;5;249m [0m[38;5;249mc[0m[38;5;249ml[0m[38;5;249ma[0m[38;5;249ms[0m[38;5;249ms[0m[38;5;249mN[0m[38;5;249ma[0m[38;5;249mm[0m[38;5;249me[0m[38;5;249m=[0m[38;5;249m"[0m[38;5;249mt[0m[38;5;249me[0m[38;5;249mx[0m[38;5;249mt[0m[38;5;249m-[0m[38;5;249mt[0m[38;5;249me[0m[38;5;249ma[0m[38;5;249ml[0m[38;5;249m-[0m[38;5;249m6[0m[38;5;249m0[0m[38;5;249m0[0m[38;5;249m [0m[38;5;249md[0m[38;5;249ma[0m[38;5;249mr[0m[38;5;249mk[0m[38;5;249m:[0m[38;5;249mt[0m[38;5;249me[0m[38;5;249mx[0m[38;5;249mt[0m[38;5;249m-[0m[38;5;249mt[0m[38;5;249me[0m[38;5;249ma[0m[38;5;249ml[0m[38;5;249m-[0m[38;5;249m4[0m[38;5;249m0[0m[38;5;249m0[0m[38;5;249m [0m[38;5;249mb[0m[38;5;249mo[0m[38;5;249mr[0m[38;5;249md[0m[38;5;249me[0m[38;5;249mr[0m[38;5;249m-[0m[38;5;249mt[0m[38;5;249me[0m[38;5;249ma[0m[38;5;249ml[0m[38;5;249m-[0m[38;5;249m2[0m[38;5;249m0[0m[38;5;249m0[0m[38;5;249m"[0m[38;5;249m>[0m
 [38;5;240m    │[0m                                                                          │ 
 [38;5;240m    │[0m                                                                          ╰─ 
[38;5;246m─────╯[0m
[39m
  Plugin: [35mvite:oxc[39m
  File: [36mC:/Users/ibrah/OneDrive/Desktop/medical-study-ai/frontend/src/components/renderers.jsx[39m
      at transformWithOxc (file:///C:/Users/ibrah/OneDrive/Desktop/medical-study-ai/frontend/node_modules/vite/dist/node/chunks/node.js:4097:19)
      at TransformPluginContext.transform (file:///C:/Users/ibrah/OneDrive/Desktop/medical-study-ai/frontend/node_modules/vite/dist/node/chunks/node.js:4168:26)
      at EnvironmentPluginContainer.transform (file:///C:/Users/ibrah/OneDrive/Desktop/medical-study-ai/frontend/node_modules/vite/dist/node/chunks/node.js:30851:51)
      at async loadAndTransform (file:///C:/Users/ibrah/OneDrive/Desktop/medical-study-ai/frontend/node_modules/vite/dist/node/chunks/node.js:20619:26)
      at async viteTransformMiddleware (file:///C:/Users/ibrah/OneDrive/Desktop/medical-study-ai/frontend/node_modules/vite/dist/node/chunks/node.js:25142:20)
[2m12:25:15 AM[22m [31m[1m[vite][22m[39m [31mInternal server error: Transform failed with 1 error:

[31m[PARSE_ERROR] [0mUnexpected token. Did you mean `{'}'}` or `&rbrace;`?
     [38;5;246m╭[0m[38;5;246m─[0m[38;5;246m[[0m src/components/MedPatientView.jsx:118:82 [38;5;246m][0m
     [38;5;246m│[0m
 [38;5;246m118 │[0m [38;5;249m [0m[38;5;249m [0m[38;5;249m [0m[38;5;249m [0m[38;5;249m [0m[38;5;249m [0m[38;5;249m [0m[38;5;249m [0m[38;5;249m [0m[38;5;249m [0m[38;5;249m<[0m[38;5;249mB[0m[38;5;249mu[0m[38;5;249mt[0m[38;5;249mt[0m[38;5;249mo[0m[38;5;249mn[0m[38;5;249m [0m[38;5;249mo[0m[38;5;249mn[0m[38;5;249mC[0m[38;5;249ml[0m[38;5;249mi[0m[38;5;249mc[0m[38;5;249mk[0m[38;5;249m=[0m[38;5;249m"[0m[38;5;249m{[0m[38;5;249m([0m[38;5;249m)[0m[38;5;249m"[0m[38;5;249m [0m[38;5;249mv[0m[38;5;249ma[0m[38;5;249mr[0m[38;5;249mi[0m[38;5;249ma[0m[38;5;249mn[0m[38;5;249mt[0m[38;5;249m=[0m[38;5;249m"[0m[38;5;249ms[0m[38;5;249me[0m[38;5;249mc[0m[38;5;249mo[0m[38;5;249mn[0m[38;5;249md[0m[38;5;249ma[0m[38;5;249mr[0m[38;5;249my[0m[38;5;249m"[0m[38;5;249m>[0m[38;5;249m [0m[38;5;249ms[0m[38;5;249me[0m[38;5;249mt[0m[38;5;249mS[0m[38;5;249mh[0m[38;5;249mo[0m[38;5;249mw[0m[38;5;249mH[0m[38;5;249mi[0m[38;5;249ms[0m[38;5;249mt[0m[38;5;249mo[0m[38;5;249mr[0m[38;5;249my[0m[38;5;249m([0m[38;5;249m![0m[38;5;249ms[0m[38;5;249mh[0m[38;5;249mo[0m[38;5;249mw[0m[38;5;249mH[0m[38;5;249mi[0m[38;5;249ms[0m[38;5;249mt[0m[38;5;249mo[0m[38;5;249mr[0m[38;5;249my[0m[38;5;249m)[0m[38;5;249m}[0m[38;5;249m [0m[38;5;249mc[0m[38;5;249ml[0m[38;5;249ma[0m[38;5;249ms[0m[38;5;249ms[0m[38;5;249mN[0m[38;5;249ma[0m[38;5;249mm[0m[38;5;249me[0m[38;5;249m=[0m[38;5;249m"[0m[38;5;249mp[0m[38;5;249mx[0m[38;5;249m-[0m[38;5;249m6[0m[38;5;249m [0m[38;5;249mp[0m[38;5;249my[0m[38;5;249m-[0m[38;5;249m4[0m[38;5;249m [0m[38;5;249mt[0m[38;5;249me[0m[38;5;249mx[0m[38;5;249mt[0m[38;5;249m-[0m[38;5;249ml[0m[38;5;249mg[0m[38;5;249m [0m[38;5;249mr[0m[38;5;249mo[0m[38;5;249mu[0m[38;5;249mn[0m[38;5;249md[0m[38;5;249me[0m[38;5;249md[0m[38;5;249m-[0m[38;5;249mx[0m[38;5;249ml[0m[38;5;249m"[0m[38;5;249m>[0m[38;5;249m<[0m[38;5;249mH[0m[38;5;249mi[0m[38;5;249ms[0m[38;5;249mt[0m[38;5;249mo[0m[38;5;249mr[0m[38;5;249my[0m[38;5;249m [0m[38;5;249mc[0m[38;5;249ml[0m[38;5;249ma[0m[38;5;249ms[0m[38;5;249ms[0m[38;5;249mN[0m[38;5;249ma[0m[38;5;249mm[0m[38;5;249me[0m[38;5;249m=[0m[38;5;249m"[0m[38;5;249mm[0m[38;5;249mr[0m[38;5;249m-[0m[38;5;249m2[0m[38;5;249m"[0m[38;5;249m [0m[38;5;249ms[0m[38;5;249mi[0m[38;5;249mz[0m[38;5;249me[0m[38;5;249m=[0m[38;5;249m"[0m[38;5;249m{[0m[38;5;249m2[0m[38;5;249m0[0m[38;5;249m}[0m[38;5;249m"[0m[38;5;249m/[0m[38;5;249m>[0m[38;5;249m [0m[38;5;249mا[0m[38;5;249mل[0m[38;5;249mت[0m[38;5;249mق[0m[38;5;249mي[0m[38;5;249mي[0m[38;5;249mم[0m[38;5;249mا[0m[38;5;249mت[0m[38;5;249m [0m[38;5;249mا[0m[38;5;249mل[0m[38;5;249mس[0m[38;5;249mا[0m[38;5;249mب[0m[38;5;249mق[0m[38;5;249mة[0m[38;5;249m<[0m[38;5;249m/[0m[38;5;249mB[0m[38;5;249mu[0m[38;5;249mt[0m[38;5;249mt[0m[38;5;249mo[0m[38;5;249mn[0m[38;5;249m>[0m
 [38;5;240m    │[0m                                                                                  │ 
 [38;5;240m    │[0m                                                                                  ╰─ 
[38;5;246m─────╯[0m
[39m
  Plugin: [35mvite:oxc[39m
  File: [36mC:/Users/ibrah/OneDrive/Desktop/medical-study-ai/frontend/src/components/MedPatientView.jsx[39m
      at transformWithOxc (file:///C:/Users/ibrah/OneDrive/Desktop/medical-study-ai/frontend/node_modules/vite/dist/node/chunks/node.js:4097:19)
      at TransformPluginContext.transform (file:///C:/Users/ibrah/OneDrive/Desktop/medical-study-ai/frontend/node_modules/vite/dist/node/chunks/node.js:4168:26)
      at EnvironmentPluginContainer.transform (file:///C:/Users/ibrah/OneDrive/Desktop/medical-study-ai/frontend/node_modules/vite/dist/node/chunks/node.js:30851:51)
      at async loadAndTransform (file:///C:/Users/ibrah/OneDrive/Desktop/medical-study-ai/frontend/node_modules/vite/dist/node/chunks/node.js:20619:26)
      at async viteTransformMiddleware (file:///C:/Users/ibrah/OneDrive/Desktop/medical-study-ai/frontend/node_modules/vite/dist/node/chunks/node.js:25142:20)
[2m12:26:27 AM[22m [36m[1m[vite][22m[39m [90m[2m(client)[22m[39m [32mhmr update [39m[2m/src/index.css[22m
[2m12:26:28 AM[22m [31m[1m[vite][22m[39m [31m[2m(client)[22m[39m Pre-transform error: Transform failed with 1 error:

[31m[PARSE_ERROR] [0mUnexpected token. Did you mean `{'}'}` or `&rbrace;`?
     [38;5;246m╭[0m[38;5;246m─[0m[38;5;246m[[0m src/components/renderers.jsx:219:74 [38;5;246m][0m
     [38;5;246m│[0m
 [38;5;246m219 │[0m [38;5;249m [0m[38;5;249m [0m[38;5;249m [0m[38;5;249m [0m[38;5;249m [0m[38;5;249m [0m[38;5;249m [0m[38;5;249m [0m[38;5;249m<[0m[38;5;249mB[0m[38;5;249mu[0m[38;5;249mt[0m[38;5;249mt[0m[38;5;249mo[0m[38;5;249mn[0m[38;5;249m [0m[38;5;249mo[0m[38;5;249mn[0m[38;5;249mC[0m[38;5;249ml[0m[38;5;249mi[0m[38;5;249mc[0m[38;5;249mk[0m[38;5;249m=[0m[38;5;249m"[0m[38;5;249m{[0m[38;5;249m([0m[38;5;249m)[0m[38;5;249m"[0m[38;5;249m [0m[38;5;249mv[0m[38;5;249ma[0m[38;5;249mr[0m[38;5;249mi[0m[38;5;249ma[0m[38;5;249mn[0m[38;5;249mt[0m[38;5;249m=[0m[38;5;249m"[0m[38;5;249ms[0m[38;5;249me[0m[38;5;249mc[0m[38;5;249mo[0m[38;5;249mn[0m[38;5;249md[0m[38;5;249ma[0m[38;5;249mr[0m[38;5;249my[0m[38;5;249m"[0m[38;5;249m>[0m[38;5;249m [0m[38;5;249ms[0m[38;5;249me[0m[38;5;249mt[0m[38;5;249mC[0m[38;5;249mh[0m[38;5;249ma[0m[38;5;249mt[0m[38;5;249mO[0m[38;5;249mp[0m[38;5;249me[0m[38;5;249mn[0m[38;5;249m([0m[38;5;249m![0m[38;5;249mc[0m[38;5;249mh[0m[38;5;249ma[0m[38;5;249mt[0m[38;5;249mO[0m[38;5;249mp[0m[38;5;249me[0m[38;5;249mn[0m[38;5;249m)[0m[38;5;249m}[0m[38;5;249m [0m[38;5;249mc[0m[38;5;249ml[0m[38;5;249ma[0m[38;5;249ms[0m[38;5;249ms[0m[38;5;249mN[0m[38;5;249ma[0m[38;5;249mm[0m[38;5;249me[0m[38;5;249m=[0m[38;5;249m"[0m[38;5;249mt[0m[38;5;249me[0m[38;5;249mx[0m[38;5;249mt[0m[38;5;249m-[0m[38;5;249mt[0m[38;5;249me[0m[38;5;249ma[0m[38;5;249ml[0m[38;5;249m-[0m[38;5;249m6[0m[38;5;249m0[0m[38;5;249m0[0m[38;5;249m [0m[38;5;249md[0m[38;5;249ma[0m[38;5;249mr[0m[38;5;249mk[0m[38;5;249m:[0m[38;5;249mt[0m[38;5;249me[0m[38;5;249mx[0m[38;5;249mt[0m[38;5;249m-[0m[38;5;249mt[0m[38;5;249me[0m[38;5;249ma[0m[38;5;249ml[0m[38;5;249m-[0m[38;5;249m4[0m[38;5;249m0[0m[38;5;249m0[0m[38;5;249m [0m[38;5;249mb[0m[38;5;249mo[0m[38;5;249mr[0m[38;5;249md[0m[38;5;249me[0m[38;5;249mr[0m[38;5;249m-[0m[38;5;249mt[0m[38;5;249me[0m[38;5;249ma[0m[38;5;249ml[0m[38;5;249m-[0m[38;5;249m2[0m[38;5;249m0[0m[38;5;249m0[0m[38;5;249m"[0m[38;5;249m>[0m
 [38;5;240m    │[0m                                                                          │ 
 [38;5;240m    │[0m                                                                          ╰─ 
[38;5;246m─────╯[0m

  Plugin: [35mvite:oxc[39m
  File: [36mC:/Users/ibrah/OneDrive/Desktop/medical-study-ai/frontend/src/components/renderers.jsx[39m
[2m12:26:28 AM[22m [31m[1m[vite][22m[39m [31mInternal server error: Transform failed with 1 error:

[31m[PARSE_ERROR] [0mUnexpected token. Did you mean `{'}'}` or `&rbrace;`?
     [38;5;246m╭[0m[38;5;246m─[0m[38;5;246m[[0m src/components/renderers.jsx:219:74 [38;5;246m][0m
     [38;5;246m│[0m
 [38;5;246m219 │[0m [38;5;249m [0m[38;5;249m [0m[38;5;249m [0m[38;5;249m [0m[38;5;249m [0m[38;5;249m [0m[38;5;249m [0m[38;5;249m [0m[38;5;249m<[0m[38;5;249mB[0m[38;5;249mu[0m[38;5;249mt[0m[38;5;249mt[0m[38;5;249mo[0m[38;5;249mn[0m[38;5;249m [0m[38;5;249mo[0m[38;5;249mn[0m[38;5;249mC[0m[38;5;249ml[0m[38;5;249mi[0m[38;5;249mc[0m[38;5;249mk[0m[38;5;249m=[0m[38;5;249m"[0m[38;5;249m{[0m[38;5;249m([0m[38;5;249m)[0m[38;5;249m"[0m[38;5;249m [0m[38;5;249mv[0m[38;5;249ma[0m[38;5;249mr[0m[38;5;249mi[0m[38;5;249ma[0m[38;5;249mn[0m[38;5;249mt[0m[38;5;249m=[0m[38;5;249m"[0m[38;5;249ms[0m[38;5;249me[0m[38;5;249mc[0m[38;5;249mo[0m[38;5;249mn[0m[38;5;249md[0m[38;5;249ma[0m[38;5;249mr[0m[38;5;249my[0m[38;5;249m"[0m[38;5;249m>[0m[38;5;249m [0m[38;5;249ms[0m[38;5;249me[0m[38;5;249mt[0m[38;5;249mC[0m[38;5;249mh[0m[38;5;249ma[0m[38;5;249mt[0m[38;5;249mO[0m[38;5;249mp[0m[38;5;249me[0m[38;5;249mn[0m[38;5;249m([0m[38;5;249m![0m[38;5;249mc[0m[38;5;249mh[0m[38;5;249ma[0m[38;5;249mt[0m[38;5;249mO[0m[38;5;249mp[0m[38;5;249me[0m[38;5;249mn[0m[38;5;249m)[0m[38;5;249m}[0m[38;5;249m [0m[38;5;249mc[0m[38;5;249ml[0m[38;5;249ma[0m[38;5;249ms[0m[38;5;249ms[0m[38;5;249mN[0m[38;5;249ma[0m[38;5;249mm[0m[38;5;249me[0m[38;5;249m=[0m[38;5;249m"[0m[38;5;249mt[0m[38;5;249me[0m[38;5;249mx[0m[38;5;249mt[0m[38;5;249m-[0m[38;5;249mt[0m[38;5;249me[0m[38;5;249ma[0m[38;5;249ml[0m[38;5;249m-[0m[38;5;249m6[0m[38;5;249m0[0m[38;5;249m0[0m[38;5;249m [0m[38;5;249md[0m[38;5;249ma[0m[38;5;249mr[0m[38;5;249mk[0m[38;5;249m:[0m[38;5;249mt[0m[38;5;249me[0m[38;5;249mx[0m[38;5;249mt[0m[38;5;249m-[0m[38;5;249mt[0m[38;5;249me[0m[38;5;249ma[0m[38;5;249ml[0m[38;5;249m-[0m[38;5;249m4[0m[38;5;249m0[0m[38;5;249m0[0m[38;5;249m [0m[38;5;249mb[0m[38;5;249mo[0m[38;5;249mr[0m[38;5;249md[0m[38;5;249me[0m[38;5;249mr[0m[38;5;249m-[0m[38;5;249mt[0m[38;5;249me[0m[38;5;249ma[0m[38;5;249ml[0m[38;5;249m-[0m[38;5;249m2[0m[38;5;249m0[0m[38;5;249m0[0m[38;5;249m"[0m[38;5;249m>[0m
 [38;5;240m    │[0m                                                                          │ 
 [38;5;240m    │[0m                                                                          ╰─ 
[38;5;246m─────╯[0m
[39m
  Plugin: [35mvite:oxc[39m
  File: [36mC:/Users/ibrah/OneDrive/Desktop/medical-study-ai/frontend/src/components/renderers.jsx[39m
      at transformWithOxc (file:///C:/Users/ibrah/OneDrive/Desktop/medical-study-ai/frontend/node_modules/vite/dist/node/chunks/node.js:4097:19)
      at TransformPluginContext.transform (file:///C:/Users/ibrah/OneDrive/Desktop/medical-study-ai/frontend/node_modules/vite/dist/node/chunks/node.js:4168:26)
      at EnvironmentPluginContainer.transform (file:///C:/Users/ibrah/OneDrive/Desktop/medical-study-ai/frontend/node_modules/vite/dist/node/chunks/node.js:30851:51)
      at async loadAndTransform (file:///C:/Users/ibrah/OneDrive/Desktop/medical-study-ai/frontend/node_modules/vite/dist/node/chunks/node.js:20619:26)
      at async viteTransformMiddleware (file:///C:/Users/ibrah/OneDrive/Desktop/medical-study-ai/frontend/node_modules/vite/dist/node/chunks/node.js:25142:20)
[2m12:26:58 AM[22m [36m[1m[vite][22m[39m [90m[2m(client)[22m[39m [32mhmr update [39m[2m/src/index.css[22m
[2m12:27:00 AM[22m [36m[1m[vite][22m[39m [90m[2m(client)[22m[39m [optimizer] bundling dependencies...
[2m12:27:00 AM[22m [36m[1m[vite][22m[39m [90m[2m(client)[22m[39m [32mdependencies optimized: [33mdagre, reactflow[32m[39m
[2m12:27:00 AM[22m [36m[1m[vite][22m[39m [90m[2m(client)[22m[39m [32moptimized dependencies changed. reloading[39m
^C
> frontend@0.0.0 dev
> vite


  [32m[1mVITE[22m v8.2.1[39m  [2mready in [0m[1m989[22m[2m[0m ms[22m

  [32m➜[39m  [1mLocal[22m:   [36mhttp://localhost:[1m5173[22m/[39m
[2m  [32m➜[39m  [1mNetwork[22m[2m: use [22m[1m--host[22m[2m to expose[22m
[2m[32m  ➜[39m[22m[2m  press [22m[1mh + enter[22m[2m to show help[22m

> frontend@0.0.0 dev
> vite


  [32m[1mVITE[22m v8.2.1[39m  [2mready in [0m[1m975[22m[2m[0m ms[22m

  [32m➜[39m  [1mLocal[22m:   [36mhttp://localhost:[1m5173[22m/[39m
[2m  [32m➜[39m  [1mNetwork[22m[2m: use [22m[1m--host[22m[2m to expose[22m
[2m[32m  ➜[39m[22m[2m  press [22m[1mh + enter[22m[2m to show help[22m

> frontend@0.0.0 dev
> vite


  [32m[1mVITE[22m v8.2.1[39m  [2mready in [0m[1m815[22m[2m[0m ms[22m

  [32m➜[39m  [1mLocal[22m:   [36mhttp://localhost:[1m5173[22m/[39m
[2m  [32m➜[39m  [1mNetwork[22m[2m: use [22m[1m--host[22m[2m to expose[22m
[2m[32m  ➜[39m[22m[2m  press [22m[1mh + enter[22m[2m to show help[22m

> frontend@0.0.0 dev
> vite


  [32m[1mVITE[22m v8.2.1[39m  [2mready in [0m[1m1589[22m[2m[0m ms[22m

  [32m➜[39m  [1mLocal[22m:   [36mhttp://localhost:[1m5173[22m/[39m
[2m  [32m➜[39m  [1mNetwork[22m[2m: use [22m[1m--host[22m[2m to expose[22m
[2m[32m  ➜[39m[22m[2m  press [22m[1mh + enter[22m[2m to show help[22m

> frontend@0.0.0 dev
> vite


  [32m[1mVITE[22m v8.2.1[39m  [2mready in [0m[1m828[22m[2m[0m ms[22m

  [32m➜[39m  [1mLocal[22m:   [36mhttp://localhost:[1m5173[22m/[39m
[2m  [32m➜[39m  [1mNetwork[22m[2m: use [22m[1m--host[22m[2m to expose[22m
[2m[32m  ➜[39m[22m[2m  press [22m[1mh + enter[22m[2m to show help[22m
^C
> frontend@0.0.0 dev
> vite


  [32m[1mVITE[22m v8.2.1[39m  [2mready in [0m[1m846[22m[2m[0m ms[22m

  [32m➜[39m  [1mLocal[22m:   [36mhttp://localhost:[1m5173[22m/[39m
[2m  [32m➜[39m  [1mNetwork[22m[2m: use [22m[1m--host[22m[2m to expose[22m
[2m[32m  ➜[39m[22m[2m  press [22m[1mh + enter[22m[2m to show help[22m

> frontend@0.0.0 dev
> vite


  [32m[1mVITE[22m v8.2.1[39m  [2mready in [0m[1m822[22m[2m[0m ms[22m

  [32m➜[39m  [1mLocal[22m:   [36mhttp://localhost:[1m5173[22m/[39m
[2m  [32m➜[39m  [1mNetwork[22m[2m: use [22m[1m--host[22m[2m to expose[22m
[2m[32m  ➜[39m[22m[2m  press [22m[1mh + enter[22m[2m to show help[22m
